{"logTime": "0812/191715", "correlationVector":"lTljSOsd2bTNMmwIEXzsns.1","action":"SyncServerConnectionManagerRequest", "result":"SYNC_SERVER_OK", "context":{"environment":"Prod_eastus_prod-s01-056-nam-eastus", "migrationStage":"NotStarted", "server":"akswtt11600000g"}}
{"logTime": "0812/191715", "correlationVector":"lTljSOsd2bTNMmwIEXzsns.2","action":"ProcessGetUpdates", "result":"Done", "context":{"dataType":"Encryption Keys", "deleted":"0", "process_failed_to_decrypt":"0", "process_pending_decryption":"0", "process_success":"1", "total":"1"}}
{"logTime": "0812/191716", "correlationVector":"zzYVa3OtojcvtbsWNOwdij","action":"SyncServerConnectionManagerRequest", "result":"SYNC_SERVER_OK", "context":{"environment":"", "migrationStage":"", "server":""}}
{"logTime": "0812/191716", "correlationVector":"zzYVa3OtojcvtbsWNOwdij.0","action":"EncryptionKeysFetcher.DownloadKeys:", "result":"Success", "context":Key count: 10, Last key timestamp: 2026-02-18T21:05:03Z}
{"logTime": "0812/191716", "correlationVector":"zzYVa3OtojcvtbsWNOwdij.1","action":"EncryptionKeysManager::SetEncryptionKeys:", "result":"Success", "context":Key names[10]:[WiMQxDx5ZlX2RutbkWjkpxwaScmZKMtDMK3tQSeOs//ItYePEqCnR8EK4spVacvFfNuVxCe2lXkd9KvSeB7W8Q==][GK4h+V6wSvtZQSPLP5xT1O4plaf9loR1oGHvkATVr1xw1oVK3wqW87g+v+ImK7uK0pTEqSkL5KzXo20KCcUYmg==][rbWnAZ8b2iCL4RKrVB70N784zEbtTJ/VG4mSoPMYScGS8Sym19BW+46/28HdOM2ItVxGmvJ70h1RM7qBDvHcQw==][+DKhtb22P5ZojAUdNYGOmHptIX7JlGGoczXEXM4FzESlkQSutc8CZqC86NHkcVomZmmMJrCarhcxLsFZrFrJ/g==][4B1J4oyuhfWWL3QqGRjbRkznsMCOuvafwwzxlAZLg55TQI5B3u17R+3kq2WbVzuEfP8h30QSlELxpRr+q0Da4A==][abCNmauY4gHtUGN70P4gvm3uVOYA0xoOFwYZGYzfwmBeS/W1xj6BtMcXCxSBgpgWQ6z5WCT5V0blbsFtJlUsRg==][jkWGJ6tWOPKWR/vaLt8g/So6G/EsvueAFQ+kTBKLB2oAJQlNF09Ab918QX38K9gRcUdcGX2Jz7UyZmCb8Z4ceQ==][N0lkR7QHM1foSl8RAoBQlMcaNfNISnbfMhNV0YNUl6fqscQyTR0ce5bEMyrca+/3qVwO3jgXzsQ6cFN665aFRA==][AWYXpTikkyEjzGKqkVs/qp5O9DYj1PPiXB90e3B3KsZufw6janMB6E/so6qvCiof4tWWf+/tw82axKR6iqlsNQ==][ijDnBo82gi7RRRcsTyLIGTWJuqqau+arQrp6/uNiUiexrmyuu/lyFvQUG/iCEjdrQtzKucQFW4PeoyMSK5nkgw==]}
{"logTime": "0812/191716", "correlationVector":"zzYVa3OtojcvtbsWNOwdij.2","action":"EncryptionKeysManager::SetEncryptionKeysWithTimestamps:", "result":"Success", "context":Key timestamps[10]:[2024-10-08T23:34:22Z][2025-02-10T12:07:38Z][2025-02-20T00:51:10Z][2025-02-27T03:02:30Z][2025-03-18T13:33:53Z][2025-04-02T14:21:38Z][2025-05-03T16:00:05Z][2025-10-30T18:19:40Z][2025-12-01T19:24:23Z][2026-02-18T21:05:03Z]}
{"logTime": "0812/191716", "correlationVector":"lTljSOsd2bTNMmwIEXzsns","action":"Initial GetUpdates", "result":"", "context":Reason: NEW_CLIENT. cV=lTljSOsd2bTNMmwIEXzsns}
{"logTime": "0812/191716", "correlationVector":"lTljSOsd2bTNMmwIEXzsns.3","action":"GetUpdates Response", "result":"Success", "context":Received 1 update(s). cV=lTljSOsd2bTNMmwIEXzsns.0;server=akswtt11600000g;cloudType=Consumer;environment=Prod_eastus_prod-s01-056-nam-eastus;migrationStage=NotStarted}
{"logTime": "0812/191716", "correlationVector":"rj7zDu645C4qxka0RX3Mbe","action":"Initial GetUpdates", "result":"", "context":Reason: NEWLY_SUPPORTED_DATATYPE. cV=rj7zDu645C4qxka0RX3Mbe}
{"logTime": "0812/191718", "correlationVector":"rj7zDu645C4qxka0RX3Mbe.1","action":"SyncServerConnectionManagerRequest", "result":"SYNC_SERVER_OK", "context":{"environment":"Prod_eastus2_prod-s01-050-nam-eastus2", "migrationStage":"NotStarted", "server":"akswtt11600002k"}}
{"logTime": "0812/191718", "correlationVector":"rj7zDu645C4qxka0RX3Mbe.2","action":"ProcessGetUpdates", "result":"Done", "context":{"dataType":"Passwords", "deleted":"33", "process_failed_to_decrypt":"0", "process_pending_decryption":"0", "process_success":"232", "total":"232"}}
{"logTime": "0812/191718", "correlationVector":"rj7zDu645C4qxka0RX3Mbe.3","action":"ProcessGetUpdates", "result":"Done", "context":{"dataType":"Device Info", "deleted":"0", "process_failed_to_decrypt":"0", "process_pending_decryption":"0", "process_success":"18", "total":"18"}}
{"logTime": "0812/191718", "correlationVector":"rj7zDu645C4qxka0RX3Mbe.4","action":"GetUpdates Response", "result":"Success", "context":Received 250 update(s). cV=rj7zDu645C4qxka0RX3Mbe.0;server=akswtt11600002k;cloudType=Consumer;environment=Prod_eastus2_prod-s01-050-nam-eastus2;migrationStage=NotStarted Some updates remain.}
{"logTime": "0812/191718", "correlationVector":"DW9pp0Y0PdNiOBJNmyGAZH","action":"Initial GetUpdates", "result":"", "context":Reason: NEWLY_SUPPORTED_DATATYPE. cV=DW9pp0Y0PdNiOBJNmyGAZH}
{"logTime": "0812/191719", "correlationVector":"DW9pp0Y0PdNiOBJNmyGAZH.1","action":"SyncServerConnectionManagerRequest", "result":"SYNC_SERVER_OK", "context":{"environment":"Prod_eastus2_prod-s01-050-nam-eastus2", "migrationStage":"NotStarted", "server":"akswtt116000025"}}
{"logTime": "0812/191719", "correlationVector":"DW9pp0Y0PdNiOBJNmyGAZH.2","action":"ProcessGetUpdates", "result":"Done", "context":{"dataType":"Passwords", "deleted":"0", "process_failed_to_decrypt":"0", "process_pending_decryption":"0", "process_success":"147", "total":"147"}}
{"logTime": "0812/191719", "correlationVector":"DW9pp0Y0PdNiOBJNmyGAZH.3","action":"ProcessGetUpdates", "result":"Done", "context":{"dataType":"Device Info", "deleted":"0", "process_failed_to_decrypt":"0", "process_pending_decryption":"0", "process_success":"2", "total":"2"}}
{"logTime": "0812/191719", "correlationVector":"DW9pp0Y0PdNiOBJNmyGAZH.4","action":"GetUpdates Response", "result":"Success", "context":Received 149 update(s). cV=DW9pp0Y0PdNiOBJNmyGAZH.0;server=akswtt116000025;cloudType=Consumer;environment=Prod_eastus2_prod-s01-050-nam-eastus2;migrationStage=NotStarted}
{"logTime": "0812/191719", "correlationVector":"hNJKN/g1Y0hGc5NL5wbdTw","action":"Initial GetUpdates", "result":"", "context":Reason: NEWLY_SUPPORTED_DATATYPE. cV=hNJKN/g1Y0hGc5NL5wbdTw}
{"logTime": "0812/191721", "correlationVector":"hNJKN/g1Y0hGc5NL5wbdTw.1","action":"SyncServerConnectionManagerRequest", "result":"SYNC_SERVER_OK", "context":{"environment":"Prod_eastus2_prod-s01-050-nam-eastus2", "migrationStage":"NotStarted", "server":"akswtt11600001p"}}
{"logTime": "0812/191721", "correlationVector":"hNJKN/g1Y0hGc5NL5wbdTw.2","action":"ProcessGetUpdates", "result":"Done", "context":{"dataType":"Bookmarks", "deleted":"1", "process_failed_to_decrypt":"0", "process_pending_decryption":"0", "process_success":"9", "total":"9"}}
{"logTime": "0812/191721", "correlationVector":"hNJKN/g1Y0hGc5NL5wbdTw.3","action":"ProcessGetUpdates", "result":"Done", "context":{"dataType":"Preferences", "deleted":"0", "process_failed_to_decrypt":"0", "process_pending_decryption":"0", "process_success":"105", "total":"105"}}
{"logTime": "0812/191721", "correlationVector":"hNJKN/g1Y0hGc5NL5wbdTw.4","action":"ProcessGetUpdates", "result":"Done", "context":{"dataType":"Autofill Profiles", "deleted":"0", "process_failed_to_decrypt":"0", "process_pending_decryption":"0", "process_success":"51", "total":"51"}}
{"logTime": "0812/191721", "correlationVector":"hNJKN/g1Y0hGc5NL5wbdTw.5","action":"ProcessGetUpdates", "result":"Done", "context":{"dataType":"Autofill", "deleted":"0", "process_failed_to_decrypt":"0", "process_pending_decryption":"0", "process_success":"55", "total":"55"}}
{"logTime": "0812/191721", "correlationVector":"hNJKN/g1Y0hGc5NL5wbdTw.6","action":"ProcessGetUpdates", "result":"Done", "context":{"dataType":"Extensions", "deleted":"0", "process_failed_to_decrypt":"0", "process_pending_decryption":"0", "process_success":"2", "total":"2"}}
{"logTime": "0812/191721", "correlationVector":"hNJKN/g1Y0hGc5NL5wbdTw.7","action":"ProcessGetUpdates", "result":"Done", "context":{"dataType":"Extension settings", "deleted":"0", "process_failed_to_decrypt":"0", "process_pending_decryption":"0", "process_success":"7", "total":"7"}}
{"logTime": "0812/191721", "correlationVector":"hNJKN/g1Y0hGc5NL5wbdTw.8","action":"ProcessGetUpdates", "result":"Done", "context":{"dataType":"Saved Tab Group", "deleted":"21", "process_failed_to_decrypt":"0", "process_pending_decryption":"0", "process_success":"21", "total":"21"}}
{"logTime": "0812/191721", "correlationVector":"hNJKN/g1Y0hGc5NL5wbdTw.9","action":"GetUpdates Response", "result":"Success", "context":Received 250 update(s). cV=hNJKN/g1Y0hGc5NL5wbdTw.0;server=akswtt11600001p;cloudType=Consumer;environment=Prod_eastus2_prod-s01-050-nam-eastus2;migrationStage=NotStarted Some updates remain.}
{"logTime": "0812/191721", "correlationVector":"95GsOaZtfekAPQWQkA45tc","action":"Initial GetUpdates", "result":"", "context":Reason: NEWLY_SUPPORTED_DATATYPE. cV=95GsOaZtfekAPQWQkA45tc}
{"logTime": "0812/191724", "correlationVector":"95GsOaZtfekAPQWQkA45tc.1","action":"SyncServerConnectionManagerRequest", "result":"SYNC_SERVER_OK", "context":{"environment":"Prod_eastus_prod-s01-056-nam-eastus", "migrationStage":"NotStarted", "server":"akswtt11600000l"}}
{"logTime": "0812/191724", "correlationVector":"95GsOaZtfekAPQWQkA45tc.2","action":"ProcessGetUpdates", "result":"Done", "context":{"dataType":"Autofill", "deleted":"0", "process_failed_to_decrypt":"0", "process_pending_decryption":"0", "process_success":"250", "total":"250"}}
{"logTime": "0812/191724", "correlationVector":"95GsOaZtfekAPQWQkA45tc.3","action":"GetUpdates Response", "result":"Success", "context":Received 250 update(s). cV=95GsOaZtfekAPQWQkA45tc.0;server=akswtt11600000l;cloudType=Consumer;environment=Prod_eastus_prod-s01-056-nam-eastus;migrationStage=NotStarted Some updates remain.}
{"logTime": "0812/191724", "correlationVector":"CqpsVYevraYi1i24qOcomb","action":"Initial GetUpdates", "result":"", "context":Reason: NEWLY_SUPPORTED_DATATYPE. cV=CqpsVYevraYi1i24qOcomb}
{"logTime": "0812/191726", "correlationVector":"CqpsVYevraYi1i24qOcomb.1","action":"SyncServerConnectionManagerRequest", "result":"SYNC_SERVER_OK", "context":{"environment":"Prod_eastus2_prod-s01-050-nam-eastus2", "migrationStage":"NotStarted", "server":"akswtt11600000k"}}
{"logTime": "0812/191726", "correlationVector":"CqpsVYevraYi1i24qOcomb.2","action":"ProcessGetUpdates", "result":"Done", "context":{"dataType":"Autofill", "deleted":"0", "process_failed_to_decrypt":"0", "process_pending_decryption":"0", "process_success":"250", "total":"250"}}
{"logTime": "0812/191726", "correlationVector":"CqpsVYevraYi1i24qOcomb.3","action":"GetUpdates Response", "result":"Success", "context":Received 250 update(s). cV=CqpsVYevraYi1i24qOcomb.0;server=akswtt11600000k;cloudType=Consumer;environment=Prod_eastus2_prod-s01-050-nam-eastus2;migrationStage=NotStarted Some updates remain.}
{"logTime": "0812/191726", "correlationVector":"ZV9tHK+y8lMD3kFwfsDQ95","action":"Initial GetUpdates", "result":"", "context":Reason: NEWLY_SUPPORTED_DATATYPE. cV=ZV9tHK+y8lMD3kFwfsDQ95}
{"logTime": "0812/191727", "correlationVector":"ZV9tHK+y8lMD3kFwfsDQ95.1","action":"SyncServerConnectionManagerRequest", "result":"SYNC_SERVER_OK", "context":{"environment":"Prod_eastus2_prod-s01-050-nam-eastus2", "migrationStage":"NotStarted", "server":"akswtt116000035"}}
{"logTime": "0812/191727", "correlationVector":"ZV9tHK+y8lMD3kFwfsDQ95.2","action":"ProcessGetUpdates", "result":"Done", "context":{"dataType":"Autofill", "deleted":"0", "process_failed_to_decrypt":"0", "process_pending_decryption":"0", "process_success":"250", "total":"250"}}
{"logTime": "0812/191727", "correlationVector":"ZV9tHK+y8lMD3kFwfsDQ95.3","action":"GetUpdates Response", "result":"Success", "context":Received 250 update(s). cV=ZV9tHK+y8lMD3kFwfsDQ95.0;server=akswtt116000035;cloudType=Consumer;environment=Prod_eastus2_prod-s01-050-nam-eastus2;migrationStage=NotStarted Some updates remain.}
{"logTime": "0812/191727", "correlationVector":"J8KpQ8MK/W0o5Yd92AwRt4","action":"Initial GetUpdates", "result":"", "context":Reason: NEWLY_SUPPORTED_DATATYPE. cV=J8KpQ8MK/W0o5Yd92AwRt4}
{"logTime": "0812/191728", "correlationVector":"J8KpQ8MK/W0o5Yd92AwRt4.1","action":"SyncServerConnectionManagerRequest", "result":"SYNC_SERVER_OK", "context":{"environment":"Prod_eastus2_prod-s01-050-nam-eastus2", "migrationStage":"NotStarted", "server":"akswtt116000028"}}
{"logTime": "0812/191728", "correlationVector":"J8KpQ8MK/W0o5Yd92AwRt4.2","action":"ProcessGetUpdates", "result":"Done", "context":{"dataType":"Autofill", "deleted":"0", "process_failed_to_decrypt":"0", "process_pending_decryption":"0", "process_success":"250", "total":"250"}}
{"logTime": "0812/191728", "correlationVector":"J8KpQ8MK/W0o5Yd92AwRt4.3","action":"GetUpdates Response", "result":"Success", "context":Received 250 update(s). cV=J8KpQ8MK/W0o5Yd92AwRt4.0;server=akswtt116000028;cloudType=Consumer;environment=Prod_eastus2_prod-s01-050-nam-eastus2;migrationStage=NotStarted Some updates remain.}
{"logTime": "0812/191728", "correlationVector":"csUzrkl65NLxHc7WzyXkPg","action":"Initial GetUpdates", "result":"", "context":Reason: NEWLY_SUPPORTED_DATATYPE. cV=csUzrkl65NLxHc7WzyXkPg}
{"logTime": "0812/191729", "correlationVector":"csUzrkl65NLxHc7WzyXkPg.1","action":"SyncServerConnectionManagerRequest", "result":"SYNC_SERVER_OK", "context":{"environment":"Prod_eastus2_prod-s01-050-nam-eastus2", "migrationStage":"NotStarted", "server":"akswtt11600004a"}}
{"logTime": "0812/191729", "correlationVector":"csUzrkl65NLxHc7WzyXkPg.2","action":"ProcessGetUpdates", "result":"Done", "context":{"dataType":"Autofill", "deleted":"0", "process_failed_to_decrypt":"0", "process_pending_decryption":"0", "process_success":"250", "total":"250"}}
{"logTime": "0812/191729", "correlationVector":"csUzrkl65NLxHc7WzyXkPg.3","action":"GetUpdates Response", "result":"Success", "context":Received 250 update(s). cV=csUzrkl65NLxHc7WzyXkPg.0;server=akswtt11600004a;cloudType=Consumer;environment=Prod_eastus2_prod-s01-050-nam-eastus2;migrationStage=NotStarted Some updates remain.}
{"logTime": "0812/191729", "correlationVector":"JhG5MW4xh/VxUEzBnE7Mkg","action":"Initial GetUpdates", "result":"", "context":Reason: NEWLY_SUPPORTED_DATATYPE. cV=JhG5MW4xh/VxUEzBnE7Mkg}
{"logTime": "0812/191729", "correlationVector":"JhG5MW4xh/VxUEzBnE7Mkg.1","action":"SyncServerConnectionManagerRequest", "result":"SYNC_SERVER_OK", "context":{"environment":"Prod_eastus2_prod-s01-050-nam-eastus2", "migrationStage":"NotStarted", "server":"akswtt11600002b"}}
{"logTime": "0812/191729", "correlationVector":"JhG5MW4xh/VxUEzBnE7Mkg.2","action":"ProcessGetUpdates", "result":"Done", "context":{"dataType":"Autofill", "deleted":"0", "process_failed_to_decrypt":"0", "process_pending_decryption":"0", "process_success":"250", "total":"250"}}
{"logTime": "0812/191729", "correlationVector":"JhG5MW4xh/VxUEzBnE7Mkg.3","action":"GetUpdates Response", "result":"Success", "context":Received 250 update(s). cV=JhG5MW4xh/VxUEzBnE7Mkg.0;server=akswtt11600002b;cloudType=Consumer;environment=Prod_eastus2_prod-s01-050-nam-eastus2;migrationStage=NotStarted Some updates remain.}
{"logTime": "0812/191729", "correlationVector":"J/dRRaB6SQFs26vDEYhSgt","action":"Initial GetUpdates", "result":"", "context":Reason: NEWLY_SUPPORTED_DATATYPE. cV=J/dRRaB6SQFs26vDEYhSgt}
{"logTime": "0812/191730", "correlationVector":"J/dRRaB6SQFs26vDEYhSgt.1","action":"SyncServerConnectionManagerRequest", "result":"SYNC_SERVER_OK", "context":{"environment":"Prod_eastus2_prod-s01-050-nam-eastus2", "migrationStage":"NotStarted", "server":"akswtt116000027"}}
{"logTime": "0812/191730", "correlationVector":"J/dRRaB6SQFs26vDEYhSgt.2","action":"ProcessGetUpdates", "result":"Done", "context":{"dataType":"Autofill", "deleted":"0", "process_failed_to_decrypt":"0", "process_pending_decryption":"0", "process_success":"250", "total":"250"}}
{"logTime": "0812/191730", "correlationVector":"J/dRRaB6SQFs26vDEYhSgt.3","action":"GetUpdates Response", "result":"Success", "context":Received 250 update(s). cV=J/dRRaB6SQFs26vDEYhSgt.0;server=akswtt116000027;cloudType=Consumer;environment=Prod_eastus2_prod-s01-050-nam-eastus2;migrationStage=NotStarted Some updates remain.}
{"logTime": "0812/191730", "correlationVector":"Jx3CzKDaNGXBp4eFfxW20h","action":"Initial GetUpdates", "result":"", "context":Reason: NEWLY_SUPPORTED_DATATYPE. cV=Jx3CzKDaNGXBp4eFfxW20h}
{"logTime": "0812/191731", "correlationVector":"Jx3CzKDaNGXBp4eFfxW20h.1","action":"SyncServerConnectionManagerRequest", "result":"SYNC_SERVER_OK", "context":{"environment":"Prod_eastus2_prod-s01-050-nam-eastus2", "migrationStage":"NotStarted", "server":"akswtt11600002g"}}
{"logTime": "0812/191731", "correlationVector":"Jx3CzKDaNGXBp4eFfxW20h.2","action":"ProcessGetUpdates", "result":"Done", "context":{"dataType":"Autofill", "deleted":"0", "process_failed_to_decrypt":"0", "process_pending_decryption":"0", "process_success":"250", "total":"250"}}
{"logTime": "0812/191731", "correlationVector":"Jx3CzKDaNGXBp4eFfxW20h.3","action":"GetUpdates Response", "result":"Success", "context":Received 250 update(s). cV=Jx3CzKDaNGXBp4eFfxW20h.0;server=akswtt11600002g;cloudType=Consumer;environment=Prod_eastus2_prod-s01-050-nam-eastus2;migrationStage=NotStarted Some updates remain.}
{"logTime": "0812/191731", "correlationVector":"6Q+cvU5F4m9n0G8wbR3Bo8","action":"Initial GetUpdates", "result":"", "context":Reason: NEWLY_SUPPORTED_DATATYPE. cV=6Q+cvU5F4m9n0G8wbR3Bo8}
{"logTime": "0812/191731", "correlationVector":"6Q+cvU5F4m9n0G8wbR3Bo8.1","action":"SyncServerConnectionManagerRequest", "result":"SYNC_SERVER_OK", "context":{"environment":"Prod_eastus2_prod-s01-050-nam-eastus2", "migrationStage":"NotStarted", "server":"akswtt11600000p"}}
{"logTime": "0812/191731", "correlationVector":"6Q+cvU5F4m9n0G8wbR3Bo8.2","action":"ProcessGetUpdates", "result":"Done", "context":{"dataType":"Autofill", "deleted":"0", "process_failed_to_decrypt":"0", "process_pending_decryption":"0", "process_success":"250", "total":"250"}}
{"logTime": "0812/191731", "correlationVector":"6Q+cvU5F4m9n0G8wbR3Bo8.3","action":"GetUpdates Response", "result":"Success", "context":Received 250 update(s). cV=6Q+cvU5F4m9n0G8wbR3Bo8.0;server=akswtt11600000p;cloudType=Consumer;environment=Prod_eastus2_prod-s01-050-nam-eastus2;migrationStage=NotStarted Some updates remain.}
{"logTime": "0812/191731", "correlationVector":"VQrpjFxvJRFAbFAO8b0x9e","action":"Initial GetUpdates", "result":"", "context":Reason: NEWLY_SUPPORTED_DATATYPE. cV=VQrpjFxvJRFAbFAO8b0x9e}
{"logTime": "0812/191732", "correlationVector":"VQrpjFxvJRFAbFAO8b0x9e.1","action":"SyncServerConnectionManagerRequest", "result":"SYNC_SERVER_OK", "context":{"environment":"Prod_eastus2_prod-s01-050-nam-eastus2", "migrationStage":"NotStarted", "server":"akswtt11600000p"}}
{"logTime": "0812/191732", "correlationVector":"VQrpjFxvJRFAbFAO8b0x9e.2","action":"ProcessGetUpdates", "result":"Done", "context":{"dataType":"Autofill", "deleted":"0", "process_failed_to_decrypt":"0", "process_pending_decryption":"0", "process_success":"250", "total":"250"}}
{"logTime": "0812/191732", "correlationVector":"VQrpjFxvJRFAbFAO8b0x9e.3","action":"GetUpdates Response", "result":"Success", "context":Received 250 update(s). cV=VQrpjFxvJRFAbFAO8b0x9e.0;server=akswtt11600000p;cloudType=Consumer;environment=Prod_eastus2_prod-s01-050-nam-eastus2;migrationStage=NotStarted Some updates remain.}
{"logTime": "0812/191732", "correlationVector":"ZfhAT0ABnM3wcopgamNx7Z","action":"Initial GetUpdates", "result":"", "context":Reason: NEWLY_SUPPORTED_DATATYPE. cV=ZfhAT0ABnM3wcopgamNx7Z}
{"logTime": "0812/191733", "correlationVector":"ZfhAT0ABnM3wcopgamNx7Z.1","action":"SyncServerConnectionManagerRequest", "result":"SYNC_SERVER_OK", "context":{"environment":"Prod_eastus2_prod-s01-050-nam-eastus2", "migrationStage":"NotStarted", "server":"akswtt11600001t"}}
{"logTime": "0812/191733", "correlationVector":"ZfhAT0ABnM3wcopgamNx7Z.2","action":"ProcessGetUpdates", "result":"Done", "context":{"dataType":"Autofill", "deleted":"0", "process_failed_to_decrypt":"0", "process_pending_decryption":"0", "process_success":"250", "total":"250"}}
{"logTime": "0812/191733", "correlationVector":"ZfhAT0ABnM3wcopgamNx7Z.3","action":"GetUpdates Response", "result":"Success", "context":Received 250 update(s). cV=ZfhAT0ABnM3wcopgamNx7Z.0;server=akswtt11600001t;cloudType=Consumer;environment=Prod_eastus2_prod-s01-050-nam-eastus2;migrationStage=NotStarted Some updates remain.}
{"logTime": "0812/191733", "correlationVector":"5HsviyLUziktWbxcBX3U6r","action":"Initial GetUpdates", "result":"", "context":Reason: NEWLY_SUPPORTED_DATATYPE. cV=5HsviyLUziktWbxcBX3U6r}
{"logTime": "0812/191733", "correlationVector":"5HsviyLUziktWbxcBX3U6r.1","action":"SyncServerConnectionManagerRequest", "result":"SYNC_SERVER_OK", "context":{"environment":"Prod_eastus2_prod-s01-050-nam-eastus2", "migrationStage":"NotStarted", "server":"akswtt116000020"}}
{"logTime": "0812/191733", "correlationVector":"5HsviyLUziktWbxcBX3U6r.2","action":"ProcessGetUpdates", "result":"Done", "context":{"dataType":"Autofill", "deleted":"0", "process_failed_to_decrypt":"0", "process_pending_decryption":"0", "process_success":"250", "total":"250"}}
{"logTime": "0812/191733", "correlationVector":"5HsviyLUziktWbxcBX3U6r.3","action":"GetUpdates Response", "result":"Success", "context":Received 250 update(s). cV=5HsviyLUziktWbxcBX3U6r.0;server=akswtt116000020;cloudType=Consumer;environment=Prod_eastus2_prod-s01-050-nam-eastus2;migrationStage=NotStarted Some updates remain.}
{"logTime": "0812/191733", "correlationVector":"fyf3s8GzRzqWq3dS+zrjWt","action":"Initial GetUpdates", "result":"", "context":Reason: NEWLY_SUPPORTED_DATATYPE. cV=fyf3s8GzRzqWq3dS+zrjWt}
{"logTime": "0812/191733", "correlationVector":"fyf3s8GzRzqWq3dS+zrjWt.1","action":"SyncServerConnectionManagerRequest", "result":"SYNC_SERVER_OK", "context":{"environment":"Prod_eastus2_prod-s01-050-nam-eastus2", "migrationStage":"NotStarted", "server":"akswtt116000027"}}
{"logTime": "0812/191733", "correlationVector":"fyf3s8GzRzqWq3dS+zrjWt.2","action":"ProcessGetUpdates", "result":"Done", "context":{"dataType":"Autofill", "deleted":"0", "process_failed_to_decrypt":"0", "process_pending_decryption":"0", "process_success":"250", "total":"250"}}
{"logTime": "0812/191733", "correlationVector":"fyf3s8GzRzqWq3dS+zrjWt.3","action":"GetUpdates Response", "result":"Success", "context":Received 250 update(s). cV=fyf3s8GzRzqWq3dS+zrjWt.0;server=akswtt116000027;cloudType=Consumer;environment=Prod_eastus2_prod-s01-050-nam-eastus2;migrationStage=NotStarted Some updates remain.}
{"logTime": "0812/191733", "correlationVector":"QfFfImaVS5Hhu8hbY7u709","action":"Initial GetUpdates", "result":"", "context":Reason: NEWLY_SUPPORTED_DATATYPE. cV=QfFfImaVS5Hhu8hbY7u709}
{"logTime": "0812/191734", "correlationVector":"QfFfImaVS5Hhu8hbY7u709.1","action":"SyncServerConnectionManagerRequest", "result":"SYNC_SERVER_OK", "context":{"environment":"Prod_eastus2_prod-s01-050-nam-eastus2", "migrationStage":"NotStarted", "server":"akswtt116000037"}}
{"logTime": "0812/191734", "correlationVector":"QfFfImaVS5Hhu8hbY7u709.2","action":"ProcessGetUpdates", "result":"Done", "context":{"dataType":"Autofill", "deleted":"0", "process_failed_to_decrypt":"0", "process_pending_decryption":"0", "process_success":"250", "total":"250"}}
{"logTime": "0812/191734", "correlationVector":"QfFfImaVS5Hhu8hbY7u709.3","action":"GetUpdates Response", "result":"Success", "context":Received 250 update(s). cV=QfFfImaVS5Hhu8hbY7u709.0;server=akswtt116000037;cloudType=Consumer;environment=Prod_eastus2_prod-s01-050-nam-eastus2;migrationStage=NotStarted Some updates remain.}
{"logTime": "0812/191734", "correlationVector":"PwWXmfuxTAmzxg1IYe9GUj","action":"Initial GetUpdates", "result":"", "context":Reason: NEWLY_SUPPORTED_DATATYPE. cV=PwWXmfuxTAmzxg1IYe9GUj}
{"logTime": "0812/191735", "correlationVector":"PwWXmfuxTAmzxg1IYe9GUj.1","action":"SyncServerConnectionManagerRequest", "result":"SYNC_SERVER_OK", "context":{"environment":"Prod_eastus2_prod-s01-050-nam-eastus2", "migrationStage":"NotStarted", "server":"akswtt116000004"}}
{"logTime": "0812/191735", "correlationVector":"PwWXmfuxTAmzxg1IYe9GUj.2","action":"ProcessGetUpdates", "result":"Done", "context":{"dataType":"Autofill", "deleted":"0", "process_failed_to_decrypt":"0", "process_pending_decryption":"0", "process_success":"250", "total":"250"}}
{"logTime": "0812/191735", "correlationVector":"PwWXmfuxTAmzxg1IYe9GUj.3","action":"GetUpdates Response", "result":"Success", "context":Received 250 update(s). cV=PwWXmfuxTAmzxg1IYe9GUj.0;server=akswtt116000004;cloudType=Consumer;environment=Prod_eastus2_prod-s01-050-nam-eastus2;migrationStage=NotStarted Some updates remain.}
{"logTime": "0812/191735", "correlationVector":"zlfnvBoPDFg8hw8S4MZGwD","action":"Initial GetUpdates", "result":"", "context":Reason: NEWLY_SUPPORTED_DATATYPE. cV=zlfnvBoPDFg8hw8S4MZGwD}
{"logTime": "0812/191735", "correlationVector":"zlfnvBoPDFg8hw8S4MZGwD.1","action":"SyncServerConnectionManagerRequest", "result":"SYNC_SERVER_OK", "context":{"environment":"Prod_eastus2_prod-s01-050-nam-eastus2", "migrationStage":"NotStarted", "server":"akswtt11600001q"}}
{"logTime": "0812/191735", "correlationVector":"zlfnvBoPDFg8hw8S4MZGwD.2","action":"ProcessGetUpdates", "result":"Done", "context":{"dataType":"Autofill", "deleted":"0", "process_failed_to_decrypt":"0", "process_pending_decryption":"0", "process_success":"250", "total":"250"}}
{"logTime": "0812/191735", "correlationVector":"zlfnvBoPDFg8hw8S4MZGwD.3","action":"GetUpdates Response", "result":"Success", "context":Received 250 update(s). cV=zlfnvBoPDFg8hw8S4MZGwD.0;server=akswtt11600001q;cloudType=Consumer;environment=Prod_eastus2_prod-s01-050-nam-eastus2;migrationStage=NotStarted Some updates remain.}
{"logTime": "0812/191735", "correlationVector":"jffbVJBHGUKozSqI1xKf87","action":"Initial GetUpdates", "result":"", "context":Reason: NEWLY_SUPPORTED_DATATYPE. cV=jffbVJBHGUKozSqI1xKf87}
{"logTime": "0812/191736", "correlationVector":"jffbVJBHGUKozSqI1xKf87.1","action":"SyncServerConnectionManagerRequest", "result":"SYNC_SERVER_OK", "context":{"environment":"Prod_eastus2_prod-s01-050-nam-eastus2", "migrationStage":"NotStarted", "server":"akswtt11600000n"}}
{"logTime": "0812/191736", "correlationVector":"jffbVJBHGUKozSqI1xKf87.2","action":"ProcessGetUpdates", "result":"Done", "context":{"dataType":"Autofill", "deleted":"0", "process_failed_to_decrypt":"0", "process_pending_decryption":"0", "process_success":"250", "total":"250"}}
{"logTime": "0812/191736", "correlationVector":"jffbVJBHGUKozSqI1xKf87.3","action":"GetUpdates Response", "result":"Success", "context":Received 250 update(s). cV=jffbVJBHGUKozSqI1xKf87.0;server=akswtt11600000n;cloudType=Consumer;environment=Prod_eastus2_prod-s01-050-nam-eastus2;migrationStage=NotStarted Some updates remain.}
{"logTime": "0812/191736", "correlationVector":"eELcfYIZ/qC6LroIg9o3R1","action":"Initial GetUpdates", "result":"", "context":Reason: NEWLY_SUPPORTED_DATATYPE. cV=eELcfYIZ/qC6LroIg9o3R1}
{"logTime": "0812/191737", "correlationVector":"eELcfYIZ/qC6LroIg9o3R1.1","action":"SyncServerConnectionManagerRequest", "result":"SYNC_SERVER_OK", "context":{"environment":"Prod_eastus2_prod-s01-050-nam-eastus2", "migrationStage":"NotStarted", "server":"akswtt116000028"}}
{"logTime": "0812/191737", "correlationVector":"eELcfYIZ/qC6LroIg9o3R1.2","action":"ProcessGetUpdates", "result":"Done", "context":{"dataType":"Autofill Profiles", "deleted":"0", "process_failed_to_decrypt":"0", "process_pending_decryption":"0", "process_success":"1", "total":"1"}}
{"logTime": "0812/191737", "correlationVector":"eELcfYIZ/qC6LroIg9o3R1.3","action":"ProcessGetUpdates", "result":"Done", "context":{"dataType":"Autofill", "deleted":"0", "process_failed_to_decrypt":"0", "process_pending_decryption":"0", "process_success":"249", "total":"249"}}
{"logTime": "0812/191737", "correlationVector":"eELcfYIZ/qC6LroIg9o3R1.4","action":"GetUpdates Response", "result":"Success", "context":Received 250 update(s). cV=eELcfYIZ/qC6LroIg9o3R1.0;server=akswtt116000028;cloudType=Consumer;environment=Prod_eastus2_prod-s01-050-nam-eastus2;migrationStage=NotStarted Some updates remain.}
{"logTime": "0812/191737", "correlationVector":"MRsa8SDS4IPn/Vg0pihX7r","action":"Initial GetUpdates", "result":"", "context":Reason: NEWLY_SUPPORTED_DATATYPE. cV=MRsa8SDS4IPn/Vg0pihX7r}
{"logTime": "0812/191738", "correlationVector":"MRsa8SDS4IPn/Vg0pihX7r.1","action":"SyncServerConnectionManagerRequest", "result":"SYNC_SERVER_OK", "context":{"environment":"Prod_eastus2_prod-s01-050-nam-eastus2", "migrationStage":"NotStarted", "server":"akswtt116000004"}}
{"logTime": "0812/191738", "correlationVector":"MRsa8SDS4IPn/Vg0pihX7r.2","action":"ProcessGetUpdates", "result":"Done", "context":{"dataType":"Bookmarks", "deleted":"13", "process_failed_to_decrypt":"0", "process_pending_decryption":"0", "process_success":"16", "total":"16"}}
{"logTime": "0812/191738", "correlationVector":"MRsa8SDS4IPn/Vg0pihX7r.3","action":"ProcessGetUpdates", "result":"Done", "context":{"dataType":"Preferences", "deleted":"0", "process_failed_to_decrypt":"0", "process_pending_decryption":"0", "process_success":"15", "total":"15"}}
{"logTime": "0812/191738", "correlationVector":"MRsa8SDS4IPn/Vg0pihX7r.4","action":"ProcessGetUpdates", "result":"Done", "context":{"dataType":"Autofill Profiles", "deleted":"0", "process_failed_to_decrypt":"0", "process_pending_decryption":"0", "process_success":"1", "total":"1"}}
{"logTime": "0812/191738", "correlationVector":"MRsa8SDS4IPn/Vg0pihX7r.5","action":"ProcessGetUpdates", "result":"Done", "context":{"dataType":"Autofill", "deleted":"0", "process_failed_to_decrypt":"0", "process_pending_decryption":"0", "process_success":"211", "total":"211"}}
{"logTime": "0812/191738", "correlationVector":"MRsa8SDS4IPn/Vg0pihX7r.6","action":"ProcessGetUpdates", "result":"Done", "context":{"dataType":"Saved Tab Group", "deleted":"6", "process_failed_to_decrypt":"0", "process_pending_decryption":"0", "process_success":"6", "total":"6"}}
{"logTime": "0812/191738", "correlationVector":"MRsa8SDS4IPn/Vg0pihX7r.7","action":"ProcessGetUpdates", "result":"Done", "context":{"dataType":"WebAuthn Credentials", "deleted":"0", "process_failed_to_decrypt":"0", "process_pending_decryption":"0", "process_success":"1", "total":"1"}}
{"logTime": "0812/191738", "correlationVector":"MRsa8SDS4IPn/Vg0pihX7r.8","action":"GetUpdates Response", "result":"Success", "context":Received 250 update(s). cV=MRsa8SDS4IPn/Vg0pihX7r.0;server=akswtt116000004;cloudType=Consumer;environment=Prod_eastus2_prod-s01-050-nam-eastus2;migrationStage=NotStarted Some updates remain.}
{"logTime": "0812/191738", "correlationVector":"CJCyzY3R/iUtLUpXOlfseO","action":"Initial GetUpdates", "result":"", "context":Reason: NEWLY_SUPPORTED_DATATYPE. cV=CJCyzY3R/iUtLUpXOlfseO}
{"logTime": "0812/191740", "correlationVector":"CJCyzY3R/iUtLUpXOlfseO.1","action":"SyncServerConnectionManagerRequest", "result":"SYNC_SERVER_OK", "context":{"environment":"Prod_eastus2_prod-s01-050-nam-eastus2", "migrationStage":"NotStarted", "server":"akswtt11600000n"}}
{"logTime": "0812/191740", "correlationVector":"CJCyzY3R/iUtLUpXOlfseO.2","action":"ProcessGetUpdates", "result":"Done", "context":{"dataType":"Preferences", "deleted":"0", "process_failed_to_decrypt":"0", "process_pending_decryption":"0", "process_success":"2", "total":"2"}}
{"logTime": "0812/191740", "correlationVector":"CJCyzY3R/iUtLUpXOlfseO.3","action":"ProcessGetUpdates", "result":"Done", "context":{"dataType":"Autofill Profiles", "deleted":"2", "process_failed_to_decrypt":"0", "process_pending_decryption":"0", "process_success":"5", "total":"5"}}
{"logTime": "0812/191740", "correlationVector":"CJCyzY3R/iUtLUpXOlfseO.4","action":"ProcessGetUpdates", "result":"Done", "context":{"dataType":"Autofill", "deleted":"0", "process_failed_to_decrypt":"0", "process_pending_decryption":"0", "process_success":"47", "total":"47"}}
{"logTime": "0812/191740", "correlationVector":"CJCyzY3R/iUtLUpXOlfseO.5","action":"ProcessGetUpdates", "result":"Done", "context":{"dataType":"Sessions", "deleted":"193", "process_failed_to_decrypt":"0", "process_pending_decryption":"0", "process_success":"193", "total":"193"}}
{"logTime": "0812/191740", "correlationVector":"CJCyzY3R/iUtLUpXOlfseO.6","action":"ProcessGetUpdates", "result":"Done", "context":{"dataType":"Saved Tab Group", "deleted":"3", "process_failed_to_decrypt":"0", "process_pending_decryption":"0", "process_success":"3", "total":"3"}}
{"logTime": "0812/191740", "correlationVector":"CJCyzY3R/iUtLUpXOlfseO.7","action":"GetUpdates Response", "result":"Success", "context":Received 250 update(s). cV=CJCyzY3R/iUtLUpXOlfseO.0;server=akswtt11600000n;cloudType=Consumer;environment=Prod_eastus2_prod-s01-050-nam-eastus2;migrationStage=NotStarted Some updates remain.}
{"logTime": "0812/191740", "correlationVector":"pxhKEMXaECnQCe4hr4yaWn","action":"Initial GetUpdates", "result":"", "context":Reason: NEWLY_SUPPORTED_DATATYPE. cV=pxhKEMXaECnQCe4hr4yaWn}
{"logTime": "0812/191741", "correlationVector":"pxhKEMXaECnQCe4hr4yaWn.1","action":"SyncServerConnectionManagerRequest", "result":"SYNC_SERVER_OK", "context":{"environment":"Prod_eastus2_prod-s01-050-nam-eastus2", "migrationStage":"NotStarted", "server":"akswtt11600003f"}}
{"logTime": "0812/191741", "correlationVector":"pxhKEMXaECnQCe4hr4yaWn.2","action":"ProcessGetUpdates", "result":"Done", "context":{"dataType":"Autofill Profiles", "deleted":"2", "process_failed_to_decrypt":"0", "process_pending_decryption":"0", "process_success":"5", "total":"5"}}
{"logTime": "0812/191741", "correlationVector":"pxhKEMXaECnQCe4hr4yaWn.3","action":"ProcessGetUpdates", "result":"Done", "context":{"dataType":"Autofill", "deleted":"0", "process_failed_to_decrypt":"0", "process_pending_decryption":"0", "process_success":"46", "total":"46"}}
{"logTime": "0812/191741", "correlationVector":"pxhKEMXaECnQCe4hr4yaWn.4","action":"ProcessGetUpdates", "result":"Done", "context":{"dataType":"Extensions", "deleted":"1", "process_failed_to_decrypt":"0", "process_pending_decryption":"0", "process_success":"3", "total":"3"}}
{"logTime": "0812/191741", "correlationVector":"pxhKEMXaECnQCe4hr4yaWn.5","action":"ProcessGetUpdates", "result":"Done", "context":{"dataType":"Sessions", "deleted":"192", "process_failed_to_decrypt":"0", "process_pending_decryption":"0", "process_success":"192", "total":"192"}}
{"logTime": "0812/191741", "correlationVector":"pxhKEMXaECnQCe4hr4yaWn.6","action":"ProcessGetUpdates", "result":"Done", "context":{"dataType":"Edge Hub App Usage", "deleted":"3", "process_failed_to_decrypt":"0", "process_pending_decryption":"0", "process_success":"4", "total":"4"}}
{"logTime": "0812/191741", "correlationVector":"pxhKEMXaECnQCe4hr4yaWn.7","action":"GetUpdates Response", "result":"Success", "context":Received 250 update(s). cV=pxhKEMXaECnQCe4hr4yaWn.0;server=akswtt11600003f;cloudType=Consumer;environment=Prod_eastus2_prod-s01-050-nam-eastus2;migrationStage=NotStarted Some updates remain.}
{"logTime": "0812/191741", "correlationVector":"wgUAKpf0FAVGVyEBY0d0xv","action":"Initial GetUpdates", "result":"", "context":Reason: NEWLY_SUPPORTED_DATATYPE. cV=wgUAKpf0FAVGVyEBY0d0xv}
{"logTime": "0812/191743", "correlationVector":"wgUAKpf0FAVGVyEBY0d0xv.1","action":"SyncServerConnectionManagerRequest", "result":"SYNC_SERVER_OK", "context":{"environment":"Prod_eastus2_prod-s01-050-nam-eastus2", "migrationStage":"NotStarted", "server":"akswtt116000022"}}
{"logTime": "0812/191743", "correlationVector":"wgUAKpf0FAVGVyEBY0d0xv.2","action":"ProcessGetUpdates", "result":"Done", "context":{"dataType":"Bookmarks", "deleted":"1", "process_failed_to_decrypt":"0", "process_pending_decryption":"0", "process_success":"4", "total":"4"}}
{"logTime": "0812/191743", "correlationVector":"wgUAKpf0FAVGVyEBY0d0xv.3","action":"ProcessGetUpdates", "result":"Done", "context":{"dataType":"Preferences", "deleted":"0", "process_failed_to_decrypt":"0", "process_pending_decryption":"0", "process_success":"1", "total":"1"}}
{"logTime": "0812/191743", "correlationVector":"wgUAKpf0FAVGVyEBY0d0xv.4","action":"ProcessGetUpdates", "result":"Done", "context":{"dataType":"Autofill Profiles", "deleted":"5", "process_failed_to_decrypt":"0", "process_pending_decryption":"0", "process_success":"6", "total":"6"}}
{"logTime": "0812/191743", "correlationVector":"wgUAKpf0FAVGVyEBY0d0xv.5","action":"ProcessGetUpdates", "result":"Done", "context":{"dataType":"Autofill", "deleted":"0", "process_failed_to_decrypt":"0", "process_pending_decryption":"0", "process_success":"76", "total":"76"}}
{"logTime": "0812/191743", "correlationVector":"wgUAKpf0FAVGVyEBY0d0xv.6","action":"ProcessGetUpdates", "result":"Done", "context":{"dataType":"Sessions", "deleted":"156", "process_failed_to_decrypt":"0", "process_pending_decryption":"0", "process_success":"156", "total":"156"}}
{"logTime": "0812/191743", "correlationVector":"wgUAKpf0FAVGVyEBY0d0xv.7","action":"ProcessGetUpdates", "result":"Done", "context":{"dataType":"Saved Tab Group", "deleted":"3", "process_failed_to_decrypt":"0", "process_pending_decryption":"0", "process_success":"3", "total":"3"}}
{"logTime": "0812/191743", "correlationVector":"wgUAKpf0FAVGVyEBY0d0xv.8","action":"ProcessGetUpdates", "result":"Done", "context":{"dataType":"Edge Hub App Usage", "deleted":"4", "process_failed_to_decrypt":"0", "process_pending_decryption":"0", "process_success":"4", "total":"4"}}
{"logTime": "0812/191743", "correlationVector":"wgUAKpf0FAVGVyEBY0d0xv.9","action":"GetUpdates Response", "result":"Success", "context":Received 250 update(s). cV=wgUAKpf0FAVGVyEBY0d0xv.0;server=akswtt116000022;cloudType=Consumer;environment=Prod_eastus2_prod-s01-050-nam-eastus2;migrationStage=NotStarted Some updates remain.}
{"logTime": "0812/191743", "correlationVector":"25ySLVh6x6va/Gmn0yWNR/","action":"Initial GetUpdates", "result":"", "context":Reason: NEWLY_SUPPORTED_DATATYPE. cV=25ySLVh6x6va/Gmn0yWNR/}
{"logTime": "0812/191746", "correlationVector":"25ySLVh6x6va/Gmn0yWNR/.1","action":"SyncServerConnectionManagerRequest", "result":"SYNC_SERVER_OK", "context":{"environment":"Prod_eastus2_prod-s01-050-nam-eastus2", "migrationStage":"NotStarted", "server":"akswtt11600001w"}}
{"logTime": "0812/191746", "correlationVector":"25ySLVh6x6va/Gmn0yWNR/.2","action":"ProcessGetUpdates", "result":"Done", "context":{"dataType":"Preferences", "deleted":"1", "process_failed_to_decrypt":"0", "process_pending_decryption":"0", "process_success":"1", "total":"1"}}
{"logTime": "0812/191746", "correlationVector":"25ySLVh6x6va/Gmn0yWNR/.3","action":"ProcessGetUpdates", "result":"Done", "context":{"dataType":"Autofill Profiles", "deleted":"2", "process_failed_to_decrypt":"0", "process_pending_decryption":"0", "process_success":"2", "total":"2"}}
{"logTime": "0812/191746", "correlationVector":"25ySLVh6x6va/Gmn0yWNR/.4","action":"ProcessGetUpdates", "result":"Done", "context":{"dataType":"Autofill", "deleted":"0", "process_failed_to_decrypt":"0", "process_pending_decryption":"0", "process_success":"67", "total":"67"}}
{"logTime": "0812/191746", "correlationVector":"25ySLVh6x6va/Gmn0yWNR/.5","action":"ProcessGetUpdates", "result":"Done", "context":{"dataType":"Sessions", "deleted":"178", "process_failed_to_decrypt":"0", "process_pending_decryption":"0", "process_success":"178", "total":"178"}}
{"logTime": "0812/191746", "correlationVector":"25ySLVh6x6va/Gmn0yWNR/.6","action":"ProcessGetUpdates", "result":"Done", "context":{"dataType":"Edge Hub App Usage", "deleted":"1", "process_failed_to_decrypt":"0", "process_pending_decryption":"0", "process_success":"2", "total":"2"}}
{"logTime": "0812/191746", "correlationVector":"25ySLVh6x6va/Gmn0yWNR/.7","action":"GetUpdates Response", "result":"Success", "context":Received 250 update(s). cV=25ySLVh6x6va/Gmn0yWNR/.0;server=akswtt11600001w;cloudType=Consumer;environment=Prod_eastus2_prod-s01-050-nam-eastus2;migrationStage=NotStarted Some updates remain.}
{"logTime": "0812/191746", "correlationVector":"29vgGtixcTGsYD67hTzgLT","action":"Initial GetUpdates", "result":"", "context":Reason: NEWLY_SUPPORTED_DATATYPE. cV=29vgGtixcTGsYD67hTzgLT}
{"logTime": "0812/191749", "correlationVector":"29vgGtixcTGsYD67hTzgLT.1","action":"SyncServerConnectionManagerRequest", "result":"SYNC_SERVER_OK", "context":{"environment":"Prod_eastus_prod-s01-056-nam-eastus", "migrationStage":"NotStarted", "server":"akswtt11600000i"}}
{"logTime": "0812/191749", "correlationVector":"29vgGtixcTGsYD67hTzgLT.2","action":"ProcessGetUpdates", "result":"Done", "context":{"dataType":"Preferences", "deleted":"2", "process_failed_to_decrypt":"0", "process_pending_decryption":"0", "process_success":"2", "total":"2"}}
{"logTime": "0812/191749", "correlationVector":"29vgGtixcTGsYD67hTzgLT.3","action":"ProcessGetUpdates", "result":"Done", "context":{"dataType":"Autofill Profiles", "deleted":"9", "process_failed_to_decrypt":"0", "process_pending_decryption":"0", "process_success":"11", "total":"11"}}
{"logTime": "0812/191749", "correlationVector":"29vgGtixcTGsYD67hTzgLT.4","action":"ProcessGetUpdates", "result":"Done", "context":{"dataType":"Autofill", "deleted":"0", "process_failed_to_decrypt":"0", "process_pending_decryption":"0", "process_success":"24", "total":"24"}}
{"logTime": "0812/191749", "correlationVector":"29vgGtixcTGsYD67hTzgLT.5","action":"ProcessGetUpdates", "result":"Done", "context":{"dataType":"Sessions", "deleted":"207", "process_failed_to_decrypt":"0", "process_pending_decryption":"0", "process_success":"207", "total":"207"}}
{"logTime": "0812/191749", "correlationVector":"29vgGtixcTGsYD67hTzgLT.6","action":"ProcessGetUpdates", "result":"Done", "context":{"dataType":"Saved Tab Group", "deleted":"3", "process_failed_to_decrypt":"0", "process_pending_decryption":"0", "process_success":"3", "total":"3"}}
{"logTime": "0812/191749", "correlationVector":"29vgGtixcTGsYD67hTzgLT.7","action":"ProcessGetUpdates", "result":"Done", "context":{"dataType":"Edge Hub App Usage", "deleted":"3", "process_failed_to_decrypt":"0", "process_pending_decryption":"0", "process_success":"3", "total":"3"}}
{"logTime": "0812/191749", "correlationVector":"29vgGtixcTGsYD67hTzgLT.8","action":"GetUpdates Response", "result":"Success", "context":Received 250 update(s). cV=29vgGtixcTGsYD67hTzgLT.0;server=akswtt11600000i;cloudType=Consumer;environment=Prod_eastus_prod-s01-056-nam-eastus;migrationStage=NotStarted Some updates remain.}
{"logTime": "0812/191749", "correlationVector":"smRL3JuFUxPloBBqWXMv2Q","action":"Initial GetUpdates", "result":"", "context":Reason: NEWLY_SUPPORTED_DATATYPE. cV=smRL3JuFUxPloBBqWXMv2Q}
{"logTime": "0812/191751", "correlationVector":"smRL3JuFUxPloBBqWXMv2Q.1","action":"SyncServerConnectionManagerRequest", "result":"SYNC_SERVER_OK", "context":{"environment":"Prod_eastus2_prod-s01-050-nam-eastus2", "migrationStage":"NotStarted", "server":"akswtt11600000p"}}
{"logTime": "0812/191751", "correlationVector":"smRL3JuFUxPloBBqWXMv2Q.2","action":"ProcessGetUpdates", "result":"Done", "context":{"dataType":"Preferences", "deleted":"3", "process_failed_to_decrypt":"0", "process_pending_decryption":"0", "process_success":"4", "total":"4"}}
{"logTime": "0812/191751", "correlationVector":"smRL3JuFUxPloBBqWXMv2Q.3","action":"ProcessGetUpdates", "result":"Done", "context":{"dataType":"Autofill Profiles", "deleted":"2", "process_failed_to_decrypt":"0", "process_pending_decryption":"0", "process_success":"4", "total":"4"}}
{"logTime": "0812/191751", "correlationVector":"smRL3JuFUxPloBBqWXMv2Q.4","action":"ProcessGetUpdates", "result":"Done", "context":{"dataType":"Autofill", "deleted":"0", "process_failed_to_decrypt":"0", "process_pending_decryption":"0", "process_success":"50", "total":"50"}}
{"logTime": "0812/191751", "correlationVector":"smRL3JuFUxPloBBqWXMv2Q.5","action":"ProcessGetUpdates", "result":"Done", "context":{"dataType":"Sessions", "deleted":"189", "process_failed_to_decrypt":"0", "process_pending_decryption":"0", "process_success":"189", "total":"189"}}
{"logTime": "0812/191751", "correlationVector":"smRL3JuFUxPloBBqWXMv2Q.6","action":"ProcessGetUpdates", "result":"Done", "context":{"dataType":"Edge Hub App Usage", "deleted":"0", "process_failed_to_decrypt":"0", "process_pending_decryption":"0", "process_success":"3", "total":"3"}}
{"logTime": "0812/191751", "correlationVector":"smRL3JuFUxPloBBqWXMv2Q.7","action":"GetUpdates Response", "result":"Success", "context":Received 250 update(s). cV=smRL3JuFUxPloBBqWXMv2Q.0;server=akswtt11600000p;cloudType=Consumer;environment=Prod_eastus2_prod-s01-050-nam-eastus2;migrationStage=NotStarted Some updates remain.}
{"logTime": "0812/191751", "correlationVector":"VElG868/VeWROARQ1VS9jz","action":"Initial GetUpdates", "result":"", "context":Reason: NEWLY_SUPPORTED_DATATYPE. cV=VElG868/VeWROARQ1VS9jz}
{"logTime": "0812/191754", "correlationVector":"VElG868/VeWROARQ1VS9jz.1","action":"SyncServerConnectionManagerRequest", "result":"SYNC_SERVER_OK", "context":{"environment":"Prod_eastus2_prod-s01-050-nam-eastus2", "migrationStage":"NotStarted", "server":"akswtt116000004"}}
{"logTime": "0812/191754", "correlationVector":"VElG868/VeWROARQ1VS9jz.2","action":"ProcessGetUpdates", "result":"Done", "context":{"dataType":"Preferences", "deleted":"1", "process_failed_to_decrypt":"0", "process_pending_decryption":"0", "process_success":"2", "total":"2"}}
{"logTime": "0812/191754", "correlationVector":"VElG868/VeWROARQ1VS9jz.3","action":"ProcessGetUpdates", "result":"Done", "context":{"dataType":"Autofill Profiles", "deleted":"3", "process_failed_to_decrypt":"0", "process_pending_decryption":"0", "process_success":"6", "total":"6"}}
{"logTime": "0812/191754", "correlationVector":"VElG868/VeWROARQ1VS9jz.4","action":"ProcessGetUpdates", "result":"Done", "context":{"dataType":"Autofill", "deleted":"0", "process_failed_to_decrypt":"0", "process_pending_decryption":"0", "process_success":"67", "total":"67"}}
{"logTime": "0812/191754", "correlationVector":"VElG868/VeWROARQ1VS9jz.5","action":"ProcessGetUpdates", "result":"Done", "context":{"dataType":"Extensions", "deleted":"0", "process_failed_to_decrypt":"0", "process_pending_decryption":"0", "process_success":"2", "total":"2"}}
{"logTime": "0812/191754", "correlationVector":"VElG868/VeWROARQ1VS9jz.6","action":"ProcessGetUpdates", "result":"Done", "context":{"dataType":"Sessions", "deleted":"170", "process_failed_to_decrypt":"0", "process_pending_decryption":"0", "process_success":"170", "total":"170"}}
{"logTime": "0812/191754", "correlationVector":"VElG868/VeWROARQ1VS9jz.7","action":"ProcessGetUpdates", "result":"Done", "context":{"dataType":"Edge Hub App Usage", "deleted":"0", "process_failed_to_decrypt":"0", "process_pending_decryption":"0", "process_success":"3", "total":"3"}}
{"logTime": "0812/191754", "correlationVector":"VElG868/VeWROARQ1VS9jz.8","action":"GetUpdates Response", "result":"Success", "context":Received 250 update(s). cV=VElG868/VeWROARQ1VS9jz.0;server=akswtt116000004;cloudType=Consumer;environment=Prod_eastus2_prod-s01-050-nam-eastus2;migrationStage=NotStarted Some updates remain.}
{"logTime": "0812/191754", "correlationVector":"a9HJY5WE7/Uy7ypKszt53E","action":"Initial GetUpdates", "result":"", "context":Reason: NEWLY_SUPPORTED_DATATYPE. cV=a9HJY5WE7/Uy7ypKszt53E}
{"logTime": "0812/191754", "correlationVector":"a9HJY5WE7/Uy7ypKszt53E.1","action":"SyncServerConnectionManagerRequest", "result":"SYNC_SERVER_OK", "context":{"environment":"Prod_eastus2_prod-s01-050-nam-eastus2", "migrationStage":"NotStarted", "server":"akswtt116000005"}}
{"logTime": "0812/191754", "correlationVector":"a9HJY5WE7/Uy7ypKszt53E.2","action":"ProcessGetUpdates", "result":"Done", "context":{"dataType":"Bookmarks", "deleted":"1", "process_failed_to_decrypt":"0", "process_pending_decryption":"0", "process_success":"1", "total":"1"}}
{"logTime": "0812/191754", "correlationVector":"a9HJY5WE7/Uy7ypKszt53E.3","action":"ProcessGetUpdates", "result":"Done", "context":{"dataType":"Preferences", "deleted":"0", "process_failed_to_decrypt":"0", "process_pending_decryption":"0", "process_success":"1", "total":"1"}}
{"logTime": "0812/191754", "correlationVector":"a9HJY5WE7/Uy7ypKszt53E.4","action":"ProcessGetUpdates", "result":"Done", "context":{"dataType":"Autofill Profiles", "deleted":"0", "process_failed_to_decrypt":"0", "process_pending_decryption":"0", "process_success":"5", "total":"5"}}
{"logTime": "0812/191754", "correlationVector":"a9HJY5WE7/Uy7ypKszt53E.5","action":"ProcessGetUpdates", "result":"Done", "context":{"dataType":"Autofill", "deleted":"7", "process_failed_to_decrypt":"0", "process_pending_decryption":"0", "process_success":"61", "total":"61"}}
{"logTime": "0812/191754", "correlationVector":"a9HJY5WE7/Uy7ypKszt53E.6","action":"ProcessGetUpdates", "result":"Done", "context":{"dataType":"Sessions", "deleted":"178", "process_failed_to_decrypt":"0", "process_pending_decryption":"0", "process_success":"178", "total":"178"}}
{"logTime": "0812/191754", "correlationVector":"a9HJY5WE7/Uy7ypKszt53E.7","action":"ProcessGetUpdates", "result":"Done", "context":{"dataType":"History Delete Directives", "deleted":"0", "process_failed_to_decrypt":"0", "process_pending_decryption":"0", "process_success":"1", "total":"1"}}
{"logTime": "0812/191754", "correlationVector":"a9HJY5WE7/Uy7ypKszt53E.8","action":"ProcessGetUpdates", "result":"Done", "context":{"dataType":"WebAuthn Credentials", "deleted":"0", "process_failed_to_decrypt":"0", "process_pending_decryption":"0", "process_success":"1", "total":"1"}}
{"logTime": "0812/191754", "correlationVector":"a9HJY5WE7/Uy7ypKszt53E.9","action":"ProcessGetUpdates", "result":"Done", "context":{"dataType":"Edge Hub App Usage", "deleted":"1", "process_failed_to_decrypt":"0", "process_pending_decryption":"0", "process_success":"2", "total":"2"}}
{"logTime": "0812/191754", "correlationVector":"a9HJY5WE7/Uy7ypKszt53E.10","action":"GetUpdates Response", "result":"Success", "context":Received 250 update(s). cV=a9HJY5WE7/Uy7ypKszt53E.0;server=akswtt116000005;cloudType=Consumer;environment=Prod_eastus2_prod-s01-050-nam-eastus2;migrationStage=NotStarted Some updates remain.}
{"logTime": "0812/191754", "correlationVector":"+7bSoVOC65IO9eV+8mIKhp","action":"Initial GetUpdates", "result":"", "context":Reason: NEWLY_SUPPORTED_DATATYPE. cV=+7bSoVOC65IO9eV+8mIKhp}
{"logTime": "0812/191755", "correlationVector":"+7bSoVOC65IO9eV+8mIKhp.1","action":"SyncServerConnectionManagerRequest", "result":"SYNC_SERVER_OK", "context":{"environment":"Prod_eastus2_prod-s01-050-nam-eastus2", "migrationStage":"NotStarted", "server":"akswtt116000026"}}
{"logTime": "0812/191755", "correlationVector":"+7bSoVOC65IO9eV+8mIKhp.2","action":"ProcessGetUpdates", "result":"Done", "context":{"dataType":"Preferences", "deleted":"4", "process_failed_to_decrypt":"0", "process_pending_decryption":"0", "process_success":"11", "total":"11"}}
{"logTime": "0812/191755", "correlationVector":"+7bSoVOC65IO9eV+8mIKhp.3","action":"ProcessGetUpdates", "result":"Done", "context":{"dataType":"Autofill Profiles", "deleted":"0", "process_failed_to_decrypt":"0", "process_pending_decryption":"0", "process_success":"3", "total":"3"}}
{"logTime": "0812/191755", "correlationVector":"+7bSoVOC65IO9eV+8mIKhp.4","action":"ProcessGetUpdates", "result":"Done", "context":{"dataType":"Autofill", "deleted":"0", "process_failed_to_decrypt":"0", "process_pending_decryption":"0", "process_success":"35", "total":"35"}}
{"logTime": "0812/191755", "correlationVector":"+7bSoVOC65IO9eV+8mIKhp.5","action":"ProcessGetUpdates", "result":"Done", "context":{"dataType":"Extensions", "deleted":"0", "process_failed_to_decrypt":"0", "process_pending_decryption":"0", "process_success":"2", "total":"2"}}
{"logTime": "0812/191755", "correlationVector":"+7bSoVOC65IO9eV+8mIKhp.6","action":"ProcessGetUpdates", "result":"Done", "context":{"dataType":"Sessions", "deleted":"182", "process_failed_to_decrypt":"0", "process_pending_decryption":"0", "process_success":"192", "total":"192"}}
{"logTime": "0812/191755", "correlationVector":"+7bSoVOC65IO9eV+8mIKhp.7","action":"ProcessGetUpdates", "result":"Done", "context":{"dataType":"WebAuthn Credentials", "deleted":"0", "process_failed_to_decrypt":"0", "process_pending_decryption":"0", "process_success":"5", "total":"5"}}
{"logTime": "0812/191755", "correlationVector":"+7bSoVOC65IO9eV+8mIKhp.8","action":"ProcessGetUpdates", "result":"Done", "context":{"dataType":"Edge Hub App Usage", "deleted":"0", "process_failed_to_decrypt":"0", "process_pending_decryption":"0", "process_success":"2", "total":"2"}}
{"logTime": "0812/191755", "correlationVector":"+7bSoVOC65IO9eV+8mIKhp.9","action":"GetUpdates Response", "result":"Success", "context":Received 250 update(s). cV=+7bSoVOC65IO9eV+8mIKhp.0;server=akswtt116000026;cloudType=Consumer;environment=Prod_eastus2_prod-s01-050-nam-eastus2;migrationStage=NotStarted Some updates remain.}
{"logTime": "0812/191755", "correlationVector":"bX1w1JS0gGwPs4DX9DHsLl","action":"Initial GetUpdates", "result":"", "context":Reason: NEWLY_SUPPORTED_DATATYPE. cV=bX1w1JS0gGwPs4DX9DHsLl}
{"logTime": "0812/191755", "correlationVector":"bX1w1JS0gGwPs4DX9DHsLl.1","action":"SyncServerConnectionManagerRequest", "result":"SYNC_SERVER_OK", "context":{"environment":"Prod_eastus2_prod-s01-050-nam-eastus2", "migrationStage":"NotStarted", "server":"akswtt11600009e"}}
{"logTime": "0812/191755", "correlationVector":"bX1w1JS0gGwPs4DX9DHsLl.2","action":"ProcessGetUpdates", "result":"Done", "context":{"dataType":"Preferences", "deleted":"0", "process_failed_to_decrypt":"0", "process_pending_decryption":"0", "process_success":"1", "total":"1"}}
{"logTime": "0812/191755", "correlationVector":"bX1w1JS0gGwPs4DX9DHsLl.3","action":"ProcessGetUpdates", "result":"Done", "context":{"dataType":"Autofill", "deleted":"0", "process_failed_to_decrypt":"0", "process_pending_decryption":"0", "process_success":"3", "total":"3"}}
{"logTime": "0812/191755", "correlationVector":"bX1w1JS0gGwPs4DX9DHsLl.4","action":"ProcessGetUpdates", "result":"Done", "context":{"dataType":"Sessions", "deleted":"0", "process_failed_to_decrypt":"0", "process_pending_decryption":"0", "process_success":"7", "total":"7"}}
{"logTime": "0812/191755", "correlationVector":"bX1w1JS0gGwPs4DX9DHsLl.5","action":"GetUpdates Response", "result":"Success", "context":Received 11 update(s). cV=bX1w1JS0gGwPs4DX9DHsLl.0;server=akswtt11600009e;cloudType=Consumer;environment=Prod_eastus2_prod-s01-050-nam-eastus2;migrationStage=NotStarted}
{"logTime": "0812/191755", "correlationVector":"XiHnxAqHBfZEKCvvBf5ZfQ","action":"Initial GetUpdates", "result":"", "context":Reason: NEWLY_SUPPORTED_DATATYPE. cV=XiHnxAqHBfZEKCvvBf5ZfQ}
{"logTime": "0812/191756", "correlationVector":"XiHnxAqHBfZEKCvvBf5ZfQ.1","action":"SyncServerConnectionManagerRequest", "result":"SYNC_SERVER_OK", "context":{"environment":"Prod_eastus2_prod-s01-050-nam-eastus2", "migrationStage":"NotStarted", "server":"akswtt116000024"}}
{"logTime": "0812/191756", "correlationVector":"XiHnxAqHBfZEKCvvBf5ZfQ.2","action":"ProcessGetUpdates", "result":"Done", "context":{"dataType":"History", "deleted":"0", "process_failed_to_decrypt":"0", "process_pending_decryption":"0", "process_success":"250", "total":"250"}}
{"logTime": "0812/191756", "correlationVector":"XiHnxAqHBfZEKCvvBf5ZfQ.3","action":"GetUpdates Response", "result":"Success", "context":Received 250 update(s). cV=XiHnxAqHBfZEKCvvBf5ZfQ.0;server=akswtt116000024;cloudType=Consumer;environment=Prod_eastus2_prod-s01-050-nam-eastus2;migrationStage=NotStarted Some updates remain.}
{"logTime": "0812/191756", "correlationVector":"qtiYpTxzbUJFiQU5FWA7dH","action":"Initial GetUpdates", "result":"", "context":Reason: NEWLY_SUPPORTED_DATATYPE. cV=qtiYpTxzbUJFiQU5FWA7dH}
{"logTime": "0812/191756", "correlationVector":"qtiYpTxzbUJFiQU5FWA7dH.1","action":"SyncServerConnectionManagerRequest", "result":"SYNC_SERVER_OK", "context":{"environment":"Prod_eastus2_prod-s01-050-nam-eastus2", "migrationStage":"NotStarted", "server":"akswtt11600001l"}}
{"logTime": "0812/191756", "correlationVector":"qtiYpTxzbUJFiQU5FWA7dH.2","action":"ProcessGetUpdates", "result":"Done", "context":{"dataType":"History", "deleted":"0", "process_failed_to_decrypt":"0", "process_pending_decryption":"0", "process_success":"250", "total":"250"}}
{"logTime": "0812/191756", "correlationVector":"qtiYpTxzbUJFiQU5FWA7dH.3","action":"GetUpdates Response", "result":"Success", "context":Received 250 update(s). cV=qtiYpTxzbUJFiQU5FWA7dH.0;server=akswtt11600001l;cloudType=Consumer;environment=Prod_eastus2_prod-s01-050-nam-eastus2;migrationStage=NotStarted Some updates remain.}
{"logTime": "0812/191756", "correlationVector":"zrj/xVazsqOFdrP551F0gL","action":"Initial GetUpdates", "result":"", "context":Reason: NEWLY_SUPPORTED_DATATYPE. cV=zrj/xVazsqOFdrP551F0gL}
{"logTime": "0812/191757", "correlationVector":"zrj/xVazsqOFdrP551F0gL.1","action":"SyncServerConnectionManagerRequest", "result":"SYNC_SERVER_OK", "context":{"environment":"Prod_eastus2_prod-s01-050-nam-eastus2", "migrationStage":"NotStarted", "server":"akswtt11600000m"}}
{"logTime": "0812/191757", "correlationVector":"zrj/xVazsqOFdrP551F0gL.2","action":"ProcessGetUpdates", "result":"Done", "context":{"dataType":"History", "deleted":"0", "process_failed_to_decrypt":"0", "process_pending_decryption":"0", "process_success":"250", "total":"250"}}
{"logTime": "0812/191757", "correlationVector":"zrj/xVazsqOFdrP551F0gL.3","action":"GetUpdates Response", "result":"Success", "context":Received 250 update(s). cV=zrj/xVazsqOFdrP551F0gL.0;server=akswtt11600000m;cloudType=Consumer;environment=Prod_eastus2_prod-s01-050-nam-eastus2;migrationStage=NotStarted Some updates remain.}
{"logTime": "0812/191757", "correlationVector":"rQT433HKQdbeoUjQohHR7d","action":"Initial GetUpdates", "result":"", "context":Reason: NEWLY_SUPPORTED_DATATYPE. cV=rQT433HKQdbeoUjQohHR7d}
{"logTime": "0812/191758", "correlationVector":"rQT433HKQdbeoUjQohHR7d.1","action":"SyncServerConnectionManagerRequest", "result":"SYNC_SERVER_OK", "context":{"environment":"Prod_eastus_prod-s01-056-nam-eastus", "migrationStage":"NotStarted", "server":"akswtt11600000c"}}
{"logTime": "0812/191758", "correlationVector":"rQT433HKQdbeoUjQohHR7d.2","action":"ProcessGetUpdates", "result":"Done", "context":{"dataType":"History", "deleted":"0", "process_failed_to_decrypt":"0", "process_pending_decryption":"0", "process_success":"250", "total":"250"}}
{"logTime": "0812/191758", "correlationVector":"rQT433HKQdbeoUjQohHR7d.3","action":"GetUpdates Response", "result":"Success", "context":Received 250 update(s). cV=rQT433HKQdbeoUjQohHR7d.0;server=akswtt11600000c;cloudType=Consumer;environment=Prod_eastus_prod-s01-056-nam-eastus;migrationStage=NotStarted Some updates remain.}
{"logTime": "0812/191758", "correlationVector":"Dplz4/oP2o3CVy4E2BeW/v","action":"Initial GetUpdates", "result":"", "context":Reason: NEWLY_SUPPORTED_DATATYPE. cV=Dplz4/oP2o3CVy4E2BeW/v}
{"logTime": "0812/191758", "correlationVector":"Dplz4/oP2o3CVy4E2BeW/v.1","action":"SyncServerConnectionManagerRequest", "result":"SYNC_SERVER_OK", "context":{"environment":"Prod_eastus2_prod-s01-050-nam-eastus2", "migrationStage":"NotStarted", "server":"akswtt116000044"}}
{"logTime": "0812/191758", "correlationVector":"Dplz4/oP2o3CVy4E2BeW/v.2","action":"ProcessGetUpdates", "result":"Done", "context":{"dataType":"History", "deleted":"0", "process_failed_to_decrypt":"0", "process_pending_decryption":"0", "process_success":"250", "total":"250"}}
{"logTime": "0812/191758", "correlationVector":"Dplz4/oP2o3CVy4E2BeW/v.3","action":"GetUpdates Response", "result":"Success", "context":Received 250 update(s). cV=Dplz4/oP2o3CVy4E2BeW/v.0;server=akswtt116000044;cloudType=Consumer;environment=Prod_eastus2_prod-s01-050-nam-eastus2;migrationStage=NotStarted Some updates remain.}
{"logTime": "0812/191758", "correlationVector":"brVduChHbHUuNJR2AyKWTd","action":"Initial GetUpdates", "result":"", "context":Reason: NEWLY_SUPPORTED_DATATYPE. cV=brVduChHbHUuNJR2AyKWTd}
{"logTime": "0812/191759", "correlationVector":"brVduChHbHUuNJR2AyKWTd.1","action":"SyncServerConnectionManagerRequest", "result":"SYNC_SERVER_OK", "context":{"environment":"Prod_eastus2_prod-s01-050-nam-eastus2", "migrationStage":"NotStarted", "server":"akswtt11600002j"}}
{"logTime": "0812/191759", "correlationVector":"brVduChHbHUuNJR2AyKWTd.2","action":"ProcessGetUpdates", "result":"Done", "context":{"dataType":"History", "deleted":"0", "process_failed_to_decrypt":"0", "process_pending_decryption":"0", "process_success":"250", "total":"250"}}
{"logTime": "0812/191759", "correlationVector":"brVduChHbHUuNJR2AyKWTd.3","action":"GetUpdates Response", "result":"Success", "context":Received 250 update(s). cV=brVduChHbHUuNJR2AyKWTd.0;server=akswtt11600002j;cloudType=Consumer;environment=Prod_eastus2_prod-s01-050-nam-eastus2;migrationStage=NotStarted Some updates remain.}
{"logTime": "0812/191759", "correlationVector":"5OOArpg21v3aE1LlCHh7sD","action":"Initial GetUpdates", "result":"", "context":Reason: NEWLY_SUPPORTED_DATATYPE. cV=5OOArpg21v3aE1LlCHh7sD}
{"logTime": "0812/191759", "correlationVector":"5OOArpg21v3aE1LlCHh7sD.1","action":"SyncServerConnectionManagerRequest", "result":"SYNC_SERVER_OK", "context":{"environment":"Prod_eastus_prod-s01-056-nam-eastus", "migrationStage":"NotStarted", "server":"akswtt116000001"}}
{"logTime": "0812/191759", "correlationVector":"5OOArpg21v3aE1LlCHh7sD.2","action":"ProcessGetUpdates", "result":"Done", "context":{"dataType":"History", "deleted":"0", "process_failed_to_decrypt":"0", "process_pending_decryption":"0", "process_success":"250", "total":"250"}}
{"logTime": "0812/191759", "correlationVector":"5OOArpg21v3aE1LlCHh7sD.3","action":"GetUpdates Response", "result":"Success", "context":Received 250 update(s). cV=5OOArpg21v3aE1LlCHh7sD.0;server=akswtt116000001;cloudType=Consumer;environment=Prod_eastus_prod-s01-056-nam-eastus;migrationStage=NotStarted Some updates remain.}
{"logTime": "0812/191759", "correlationVector":"ucJz6OlArYnXPjb1j840xD","action":"Initial GetUpdates", "result":"", "context":Reason: NEWLY_SUPPORTED_DATATYPE. cV=ucJz6OlArYnXPjb1j840xD}
{"logTime": "0812/191800", "correlationVector":"ucJz6OlArYnXPjb1j840xD.1","action":"SyncServerConnectionManagerRequest", "result":"SYNC_SERVER_OK", "context":{"environment":"Prod_eastus2_prod-s01-050-nam-eastus2", "migrationStage":"NotStarted", "server":"akswtt11600001q"}}
{"logTime": "0812/191800", "correlationVector":"ucJz6OlArYnXPjb1j840xD.2","action":"ProcessGetUpdates", "result":"Done", "context":{"dataType":"History", "deleted":"0", "process_failed_to_decrypt":"0", "process_pending_decryption":"0", "process_success":"250", "total":"250"}}
{"logTime": "0812/191800", "correlationVector":"ucJz6OlArYnXPjb1j840xD.3","action":"GetUpdates Response", "result":"Success", "context":Received 250 update(s). cV=ucJz6OlArYnXPjb1j840xD.0;server=akswtt11600001q;cloudType=Consumer;environment=Prod_eastus2_prod-s01-050-nam-eastus2;migrationStage=NotStarted Some updates remain.}
{"logTime": "0812/191800", "correlationVector":"ZKM9HDcOVrIljSeexRHeL4","action":"Initial GetUpdates", "result":"", "context":Reason: NEWLY_SUPPORTED_DATATYPE. cV=ZKM9HDcOVrIljSeexRHeL4}
{"logTime": "0812/191801", "correlationVector":"ZKM9HDcOVrIljSeexRHeL4.1","action":"SyncServerConnectionManagerRequest", "result":"SYNC_SERVER_OK", "context":{"environment":"Prod_eastus2_prod-s01-050-nam-eastus2", "migrationStage":"NotStarted", "server":"akswtt11600001g"}}
{"logTime": "0812/191801", "correlationVector":"ZKM9HDcOVrIljSeexRHeL4.2","action":"ProcessGetUpdates", "result":"Done", "context":{"dataType":"History", "deleted":"0", "process_failed_to_decrypt":"0", "process_pending_decryption":"0", "process_success":"250", "total":"250"}}
{"logTime": "0812/191801", "correlationVector":"ZKM9HDcOVrIljSeexRHeL4.3","action":"GetUpdates Response", "result":"Success", "context":Received 250 update(s). cV=ZKM9HDcOVrIljSeexRHeL4.0;server=akswtt11600001g;cloudType=Consumer;environment=Prod_eastus2_prod-s01-050-nam-eastus2;migrationStage=NotStarted Some updates remain.}
{"logTime": "0812/191801", "correlationVector":"aSxIYe/yfZHlhOkfR4HkPT","action":"Initial GetUpdates", "result":"", "context":Reason: NEWLY_SUPPORTED_DATATYPE. cV=aSxIYe/yfZHlhOkfR4HkPT}
{"logTime": "0812/191801", "correlationVector":"aSxIYe/yfZHlhOkfR4HkPT.1","action":"SyncServerConnectionManagerRequest", "result":"SYNC_SERVER_OK", "context":{"environment":"Prod_eastus_prod-s01-056-nam-eastus", "migrationStage":"NotStarted", "server":"akswtt11600000t"}}
{"logTime": "0812/191801", "correlationVector":"aSxIYe/yfZHlhOkfR4HkPT.2","action":"ProcessGetUpdates", "result":"Done", "context":{"dataType":"History", "deleted":"244", "process_failed_to_decrypt":"0", "process_pending_decryption":"0", "process_success":"250", "total":"250"}}
{"logTime": "0812/191801", "correlationVector":"aSxIYe/yfZHlhOkfR4HkPT.3","action":"GetUpdates Response", "result":"Success", "context":Received 250 update(s). cV=aSxIYe/yfZHlhOkfR4HkPT.0;server=akswtt11600000t;cloudType=Consumer;environment=Prod_eastus_prod-s01-056-nam-eastus;migrationStage=NotStarted Some updates remain.}
{"logTime": "0812/191801", "correlationVector":"SpSfGy878oeFmjv0eDPjCj","action":"Initial GetUpdates", "result":"", "context":Reason: NEWLY_SUPPORTED_DATATYPE. cV=SpSfGy878oeFmjv0eDPjCj}
{"logTime": "0812/191802", "correlationVector":"SpSfGy878oeFmjv0eDPjCj.1","action":"SyncServerConnectionManagerRequest", "result":"SYNC_SERVER_OK", "context":{"environment":"Prod_eastus2_prod-s01-050-nam-eastus2", "migrationStage":"NotStarted", "server":"akswtt116000047"}}
{"logTime": "0812/191802", "correlationVector":"SpSfGy878oeFmjv0eDPjCj.2","action":"ProcessGetUpdates", "result":"Done", "context":{"dataType":"History", "deleted":"38", "process_failed_to_decrypt":"0", "process_pending_decryption":"0", "process_success":"250", "total":"250"}}
{"logTime": "0812/191802", "correlationVector":"SpSfGy878oeFmjv0eDPjCj.3","action":"GetUpdates Response", "result":"Success", "context":Received 250 update(s). cV=SpSfGy878oeFmjv0eDPjCj.0;server=akswtt116000047;cloudType=Consumer;environment=Prod_eastus2_prod-s01-050-nam-eastus2;migrationStage=NotStarted Some updates remain.}
{"logTime": "0812/191802", "correlationVector":"hyQkJTUrRT3VKhgkcC21B5","action":"Initial GetUpdates", "result":"", "context":Reason: NEWLY_SUPPORTED_DATATYPE. cV=hyQkJTUrRT3VKhgkcC21B5}
{"logTime": "0812/191802", "correlationVector":"hyQkJTUrRT3VKhgkcC21B5.1","action":"SyncServerConnectionManagerRequest", "result":"SYNC_SERVER_OK", "context":{"environment":"Prod_eastus2_prod-s01-050-nam-eastus2", "migrationStage":"NotStarted", "server":"akswtt116000024"}}
{"logTime": "0812/191802", "correlationVector":"hyQkJTUrRT3VKhgkcC21B5.2","action":"ProcessGetUpdates", "result":"Done", "context":{"dataType":"History", "deleted":"0", "process_failed_to_decrypt":"0", "process_pending_decryption":"0", "process_success":"250", "total":"250"}}
{"logTime": "0812/191802", "correlationVector":"hyQkJTUrRT3VKhgkcC21B5.3","action":"GetUpdates Response", "result":"Success", "context":Received 250 update(s). cV=hyQkJTUrRT3VKhgkcC21B5.0;server=akswtt116000024;cloudType=Consumer;environment=Prod_eastus2_prod-s01-050-nam-eastus2;migrationStage=NotStarted Some updates remain.}
{"logTime": "0812/191802", "correlationVector":"knVNoDtHvWhQhZFMcUFiDC","action":"Initial GetUpdates", "result":"", "context":Reason: NEWLY_SUPPORTED_DATATYPE. cV=knVNoDtHvWhQhZFMcUFiDC}
{"logTime": "0812/191803", "correlationVector":"knVNoDtHvWhQhZFMcUFiDC.1","action":"SyncServerConnectionManagerRequest", "result":"SYNC_SERVER_OK", "context":{"environment":"Prod_eastus2_prod-s01-050-nam-eastus2", "migrationStage":"NotStarted", "server":"akswtt11600004a"}}
{"logTime": "0812/191803", "correlationVector":"knVNoDtHvWhQhZFMcUFiDC.2","action":"ProcessGetUpdates", "result":"Done", "context":{"dataType":"History", "deleted":"0", "process_failed_to_decrypt":"0", "process_pending_decryption":"0", "process_success":"250", "total":"250"}}
{"logTime": "0812/191803", "correlationVector":"knVNoDtHvWhQhZFMcUFiDC.3","action":"GetUpdates Response", "result":"Success", "context":Received 250 update(s). cV=knVNoDtHvWhQhZFMcUFiDC.0;server=akswtt11600004a;cloudType=Consumer;environment=Prod_eastus2_prod-s01-050-nam-eastus2;migrationStage=NotStarted Some updates remain.}
{"logTime": "0812/191803", "correlationVector":"SSky9rht+97wZhVEzh1Zi4","action":"Initial GetUpdates", "result":"", "context":Reason: NEWLY_SUPPORTED_DATATYPE. cV=SSky9rht+97wZhVEzh1Zi4}
{"logTime": "0812/191804", "correlationVector":"SSky9rht+97wZhVEzh1Zi4.1","action":"SyncServerConnectionManagerRequest", "result":"SYNC_SERVER_OK", "context":{"environment":"Prod_eastus2_prod-s01-050-nam-eastus2", "migrationStage":"NotStarted", "server":"akswtt11600004b"}}
{"logTime": "0812/191804", "correlationVector":"SSky9rht+97wZhVEzh1Zi4.2","action":"ProcessGetUpdates", "result":"Done", "context":{"dataType":"History", "deleted":"0", "process_failed_to_decrypt":"0", "process_pending_decryption":"0", "process_success":"250", "total":"250"}}
{"logTime": "0812/191804", "correlationVector":"SSky9rht+97wZhVEzh1Zi4.3","action":"GetUpdates Response", "result":"Success", "context":Received 250 update(s). cV=SSky9rht+97wZhVEzh1Zi4.0;server=akswtt11600004b;cloudType=Consumer;environment=Prod_eastus2_prod-s01-050-nam-eastus2;migrationStage=NotStarted Some updates remain.}
{"logTime": "0812/191804", "correlationVector":"qypwUiGcwsjfzI9/iXg6m6","action":"Initial GetUpdates", "result":"", "context":Reason: NEWLY_SUPPORTED_DATATYPE. cV=qypwUiGcwsjfzI9/iXg6m6}
{"logTime": "0812/191805", "correlationVector":"qypwUiGcwsjfzI9/iXg6m6.1","action":"SyncServerConnectionManagerRequest", "result":"SYNC_SERVER_OK", "context":{"environment":"Prod_eastus2_prod-s01-050-nam-eastus2", "migrationStage":"NotStarted", "server":"akswtt11600000l"}}
{"logTime": "0812/191805", "correlationVector":"qypwUiGcwsjfzI9/iXg6m6.2","action":"ProcessGetUpdates", "result":"Done", "context":{"dataType":"History", "deleted":"0", "process_failed_to_decrypt":"0", "process_pending_decryption":"0", "process_success":"250", "total":"250"}}
{"logTime": "0812/191805", "correlationVector":"qypwUiGcwsjfzI9/iXg6m6.3","action":"GetUpdates Response", "result":"Success", "context":Received 250 update(s). cV=qypwUiGcwsjfzI9/iXg6m6.0;server=akswtt11600000l;cloudType=Consumer;environment=Prod_eastus2_prod-s01-050-nam-eastus2;migrationStage=NotStarted Some updates remain.}
{"logTime": "0812/191805", "correlationVector":"8LQVRAHIpzYXD+Y89mfwgk","action":"Initial GetUpdates", "result":"", "context":Reason: NEWLY_SUPPORTED_DATATYPE. cV=8LQVRAHIpzYXD+Y89mfwgk}
{"logTime": "0812/191806", "correlationVector":"8LQVRAHIpzYXD+Y89mfwgk.1","action":"SyncServerConnectionManagerRequest", "result":"SYNC_SERVER_OK", "context":{"environment":"Prod_eastus_prod-s01-056-nam-eastus", "migrationStage":"NotStarted", "server":"akswtt11600000d"}}
{"logTime": "0812/191806", "correlationVector":"8LQVRAHIpzYXD+Y89mfwgk.2","action":"ProcessGetUpdates", "result":"Done", "context":{"dataType":"History", "deleted":"0", "process_failed_to_decrypt":"0", "process_pending_decryption":"0", "process_success":"250", "total":"250"}}
{"logTime": "0812/191806", "correlationVector":"8LQVRAHIpzYXD+Y89mfwgk.3","action":"GetUpdates Response", "result":"Success", "context":Received 250 update(s). cV=8LQVRAHIpzYXD+Y89mfwgk.0;server=akswtt11600000d;cloudType=Consumer;environment=Prod_eastus_prod-s01-056-nam-eastus;migrationStage=NotStarted Some updates remain.}
{"logTime": "0812/191806", "correlationVector":"4Dl/qZyNo1XMSXO8+ZGE54","action":"Initial GetUpdates", "result":"", "context":Reason: NEWLY_SUPPORTED_DATATYPE. cV=4Dl/qZyNo1XMSXO8+ZGE54}
{"logTime": "0812/191807", "correlationVector":"4Dl/qZyNo1XMSXO8+ZGE54.1","action":"SyncServerConnectionManagerRequest", "result":"SYNC_SERVER_OK", "context":{"environment":"Prod_eastus2_prod-s01-050-nam-eastus2", "migrationStage":"NotStarted", "server":"akswtt116000005"}}
{"logTime": "0812/191807", "correlationVector":"4Dl/qZyNo1XMSXO8+ZGE54.2","action":"ProcessGetUpdates", "result":"Done", "context":{"dataType":"History", "deleted":"0", "process_failed_to_decrypt":"0", "process_pending_decryption":"0", "process_success":"250", "total":"250"}}
{"logTime": "0812/191807", "correlationVector":"4Dl/qZyNo1XMSXO8+ZGE54.3","action":"GetUpdates Response", "result":"Success", "context":Received 250 update(s). cV=4Dl/qZyNo1XMSXO8+ZGE54.0;server=akswtt116000005;cloudType=Consumer;environment=Prod_eastus2_prod-s01-050-nam-eastus2;migrationStage=NotStarted Some updates remain.}
{"logTime": "0812/191807", "correlationVector":"Cml8VOFV+yKSdFEpt/rLJk","action":"Initial GetUpdates", "result":"", "context":Reason: NEWLY_SUPPORTED_DATATYPE. cV=Cml8VOFV+yKSdFEpt/rLJk}
{"logTime": "0812/191808", "correlationVector":"Cml8VOFV+yKSdFEpt/rLJk.1","action":"SyncServerConnectionManagerRequest", "result":"SYNC_SERVER_OK", "context":{"environment":"Prod_eastus2_prod-s01-050-nam-eastus2", "migrationStage":"NotStarted", "server":"akswtt116000024"}}
{"logTime": "0812/191808", "correlationVector":"Cml8VOFV+yKSdFEpt/rLJk.2","action":"ProcessGetUpdates", "result":"Done", "context":{"dataType":"History", "deleted":"0", "process_failed_to_decrypt":"0", "process_pending_decryption":"0", "process_success":"250", "total":"250"}}
{"logTime": "0812/191808", "correlationVector":"Cml8VOFV+yKSdFEpt/rLJk.3","action":"GetUpdates Response", "result":"Success", "context":Received 250 update(s). cV=Cml8VOFV+yKSdFEpt/rLJk.0;server=akswtt116000024;cloudType=Consumer;environment=Prod_eastus2_prod-s01-050-nam-eastus2;migrationStage=NotStarted Some updates remain.}
{"logTime": "0812/191808", "correlationVector":"8zTpgiuUGlD/89IVlq+UyK","action":"Initial GetUpdates", "result":"", "context":Reason: NEWLY_SUPPORTED_DATATYPE. cV=8zTpgiuUGlD/89IVlq+UyK}
{"logTime": "0812/191809", "correlationVector":"8zTpgiuUGlD/89IVlq+UyK.1","action":"SyncServerConnectionManagerRequest", "result":"SYNC_SERVER_OK", "context":{"environment":"Prod_eastus2_prod-s01-050-nam-eastus2", "migrationStage":"NotStarted", "server":"akswtt11600001q"}}
{"logTime": "0812/191809", "correlationVector":"8zTpgiuUGlD/89IVlq+UyK.2","action":"ProcessGetUpdates", "result":"Done", "context":{"dataType":"History", "deleted":"0", "process_failed_to_decrypt":"0", "process_pending_decryption":"0", "process_success":"250", "total":"250"}}
{"logTime": "0812/191809", "correlationVector":"8zTpgiuUGlD/89IVlq+UyK.3","action":"GetUpdates Response", "result":"Success", "context":Received 250 update(s). cV=8zTpgiuUGlD/89IVlq+UyK.0;server=akswtt11600001q;cloudType=Consumer;environment=Prod_eastus2_prod-s01-050-nam-eastus2;migrationStage=NotStarted Some updates remain.}
{"logTime": "0812/191809", "correlationVector":"iELkgvuciDcZNnWC6McvLp","action":"Initial GetUpdates", "result":"", "context":Reason: NEWLY_SUPPORTED_DATATYPE. cV=iELkgvuciDcZNnWC6McvLp}
{"logTime": "0812/191810", "correlationVector":"iELkgvuciDcZNnWC6McvLp.1","action":"SyncServerConnectionManagerRequest", "result":"SYNC_SERVER_OK", "context":{"environment":"Prod_eastus2_prod-s01-050-nam-eastus2", "migrationStage":"NotStarted", "server":"akswtt116000024"}}
{"logTime": "0812/191810", "correlationVector":"iELkgvuciDcZNnWC6McvLp.2","action":"ProcessGetUpdates", "result":"Done", "context":{"dataType":"History", "deleted":"0", "process_failed_to_decrypt":"0", "process_pending_decryption":"0", "process_success":"250", "total":"250"}}
{"logTime": "0812/191810", "correlationVector":"iELkgvuciDcZNnWC6McvLp.3","action":"GetUpdates Response", "result":"Success", "context":Received 250 update(s). cV=iELkgvuciDcZNnWC6McvLp.0;server=akswtt116000024;cloudType=Consumer;environment=Prod_eastus2_prod-s01-050-nam-eastus2;migrationStage=NotStarted Some updates remain.}
{"logTime": "0812/191810", "correlationVector":"W81JHs26YnmFWOuvgoJNzw","action":"Initial GetUpdates", "result":"", "context":Reason: NEWLY_SUPPORTED_DATATYPE. cV=W81JHs26YnmFWOuvgoJNzw}
{"logTime": "0812/191812", "correlationVector":"W81JHs26YnmFWOuvgoJNzw.1","action":"SyncServerConnectionManagerRequest", "result":"SYNC_SERVER_OK", "context":{"environment":"Prod_eastus2_prod-s01-050-nam-eastus2", "migrationStage":"NotStarted", "server":"akswtt116000044"}}
{"logTime": "0812/191812", "correlationVector":"W81JHs26YnmFWOuvgoJNzw.2","action":"ProcessGetUpdates", "result":"Done", "context":{"dataType":"History", "deleted":"0", "process_failed_to_decrypt":"0", "process_pending_decryption":"0", "process_success":"250", "total":"250"}}
{"logTime": "0812/191812", "correlationVector":"W81JHs26YnmFWOuvgoJNzw.3","action":"GetUpdates Response", "result":"Success", "context":Received 250 update(s). cV=W81JHs26YnmFWOuvgoJNzw.0;server=akswtt116000044;cloudType=Consumer;environment=Prod_eastus2_prod-s01-050-nam-eastus2;migrationStage=NotStarted Some updates remain.}
{"logTime": "0812/191812", "correlationVector":"IbpM3CO6sq8/axloBEXC1K","action":"Initial GetUpdates", "result":"", "context":Reason: NEWLY_SUPPORTED_DATATYPE. cV=IbpM3CO6sq8/axloBEXC1K}
{"logTime": "0812/191812", "correlationVector":"IbpM3CO6sq8/axloBEXC1K.1","action":"SyncServerConnectionManagerRequest", "result":"SYNC_SERVER_OK", "context":{"environment":"Prod_eastus2_prod-s01-050-nam-eastus2", "migrationStage":"NotStarted", "server":"akswtt11600000n"}}
{"logTime": "0812/191812", "correlationVector":"IbpM3CO6sq8/axloBEXC1K.2","action":"ProcessGetUpdates", "result":"Done", "context":{"dataType":"History", "deleted":"0", "process_failed_to_decrypt":"0", "process_pending_decryption":"0", "process_success":"250", "total":"250"}}
{"logTime": "0812/191812", "correlationVector":"IbpM3CO6sq8/axloBEXC1K.3","action":"GetUpdates Response", "result":"Success", "context":Received 250 update(s). cV=IbpM3CO6sq8/axloBEXC1K.0;server=akswtt11600000n;cloudType=Consumer;environment=Prod_eastus2_prod-s01-050-nam-eastus2;migrationStage=NotStarted Some updates remain.}
{"logTime": "0812/191812", "correlationVector":"gOa+WgPpqTztVlC0TtMT/e","action":"Initial GetUpdates", "result":"", "context":Reason: NEWLY_SUPPORTED_DATATYPE. cV=gOa+WgPpqTztVlC0TtMT/e}
{"logTime": "0812/191813", "correlationVector":"gOa+WgPpqTztVlC0TtMT/e.1","action":"SyncServerConnectionManagerRequest", "result":"SYNC_SERVER_OK", "context":{"environment":"Prod_eastus2_prod-s01-050-nam-eastus2", "migrationStage":"NotStarted", "server":"akswtt116000004"}}
{"logTime": "0812/191813", "correlationVector":"gOa+WgPpqTztVlC0TtMT/e.2","action":"ProcessGetUpdates", "result":"Done", "context":{"dataType":"History", "deleted":"0", "process_failed_to_decrypt":"0", "process_pending_decryption":"0", "process_success":"250", "total":"250"}}
{"logTime": "0812/191813", "correlationVector":"gOa+WgPpqTztVlC0TtMT/e.3","action":"GetUpdates Response", "result":"Success", "context":Received 250 update(s). cV=gOa+WgPpqTztVlC0TtMT/e.0;server=akswtt116000004;cloudType=Consumer;environment=Prod_eastus2_prod-s01-050-nam-eastus2;migrationStage=NotStarted Some updates remain.}
{"logTime": "0812/191813", "correlationVector":"AmZ9SS9btyYnyWtTh5h1HX","action":"Initial GetUpdates", "result":"", "context":Reason: NEWLY_SUPPORTED_DATATYPE. cV=AmZ9SS9btyYnyWtTh5h1HX}
{"logTime": "0812/191813", "correlationVector":"AmZ9SS9btyYnyWtTh5h1HX.1","action":"SyncServerConnectionManagerRequest", "result":"SYNC_SERVER_OK", "context":{"environment":"Prod_eastus2_prod-s01-050-nam-eastus2", "migrationStage":"NotStarted", "server":"akswtt11600002k"}}
{"logTime": "0812/191813", "correlationVector":"AmZ9SS9btyYnyWtTh5h1HX.2","action":"ProcessGetUpdates", "result":"Done", "context":{"dataType":"History", "deleted":"0", "process_failed_to_decrypt":"0", "process_pending_decryption":"0", "process_success":"250", "total":"250"}}
{"logTime": "0812/191813", "correlationVector":"AmZ9SS9btyYnyWtTh5h1HX.3","action":"GetUpdates Response", "result":"Success", "context":Received 250 update(s). cV=AmZ9SS9btyYnyWtTh5h1HX.0;server=akswtt11600002k;cloudType=Consumer;environment=Prod_eastus2_prod-s01-050-nam-eastus2;migrationStage=NotStarted Some updates remain.}
{"logTime": "0812/191813", "correlationVector":"+zRILs7jnkQ6MtEDbEaiPx","action":"Initial GetUpdates", "result":"", "context":Reason: NEWLY_SUPPORTED_DATATYPE. cV=+zRILs7jnkQ6MtEDbEaiPx}
{"logTime": "0812/191814", "correlationVector":"+zRILs7jnkQ6MtEDbEaiPx.1","action":"SyncServerConnectionManagerRequest", "result":"SYNC_SERVER_OK", "context":{"environment":"Prod_eastus_prod-s01-056-nam-eastus", "migrationStage":"NotStarted", "server":"akswtt11600000p"}}
{"logTime": "0812/191814", "correlationVector":"+zRILs7jnkQ6MtEDbEaiPx.2","action":"ProcessGetUpdates", "result":"Done", "context":{"dataType":"History", "deleted":"0", "process_failed_to_decrypt":"0", "process_pending_decryption":"0", "process_success":"250", "total":"250"}}
{"logTime": "0812/191814", "correlationVector":"+zRILs7jnkQ6MtEDbEaiPx.3","action":"GetUpdates Response", "result":"Success", "context":Received 250 update(s). cV=+zRILs7jnkQ6MtEDbEaiPx.0;server=akswtt11600000p;cloudType=Consumer;environment=Prod_eastus_prod-s01-056-nam-eastus;migrationStage=NotStarted Some updates remain.}
{"logTime": "0812/191814", "correlationVector":"xNMZCmj1rBNV/Z2rBNbWfQ","action":"Initial GetUpdates", "result":"", "context":Reason: NEWLY_SUPPORTED_DATATYPE. cV=xNMZCmj1rBNV/Z2rBNbWfQ}
{"logTime": "0812/191814", "correlationVector":"xNMZCmj1rBNV/Z2rBNbWfQ.1","action":"SyncServerConnectionManagerRequest", "result":"SYNC_SERVER_OK", "context":{"environment":"Prod_eastus2_prod-s01-050-nam-eastus2", "migrationStage":"NotStarted", "server":"akswtt116000004"}}
{"logTime": "0812/191814", "correlationVector":"xNMZCmj1rBNV/Z2rBNbWfQ.2","action":"ProcessGetUpdates", "result":"Done", "context":{"dataType":"History", "deleted":"0", "process_failed_to_decrypt":"0", "process_pending_decryption":"0", "process_success":"40", "total":"40"}}
{"logTime": "0812/191814", "correlationVector":"xNMZCmj1rBNV/Z2rBNbWfQ.3","action":"GetUpdates Response", "result":"Success", "context":Received 40 update(s). cV=xNMZCmj1rBNV/Z2rBNbWfQ.0;server=akswtt116000004;cloudType=Consumer;environment=Prod_eastus2_prod-s01-050-nam-eastus2;migrationStage=NotStarted}
{"logTime": "0812/191814", "correlationVector":"k3IDQYl5ebB6GiV+Q8v0GO","action":"Normal GetUpdate request", "result":"", "context":cV=k3IDQYl5ebB6GiV+Q8v0GO
Nudged types: Passwords, Sessions, Device Info, User Consents, History
Refresh requested types: Bookmarks, Preferences, Passwords, Autofill Profiles, Autofill, Extensions, Sessions, Extension settings, History Delete Directives, Device Info, User Consents, Send Tab To Self, Web Apps, History, Saved Tab Group, WebAuthn Credentials, Edge E Drop, Edge Hub App Usage, Edge Workspace, Encryption Keys}
{"logTime": "0812/191815", "correlationVector":"k3IDQYl5ebB6GiV+Q8v0GO.1","action":"SyncServerConnectionManagerRequest", "result":"SYNC_SERVER_OK", "context":{"environment":"Prod_eastus2_prod-s01-050-nam-eastus2", "migrationStage":"NotStarted", "server":"akswtt11600004f"}}
{"logTime": "0812/191815", "correlationVector":"k3IDQYl5ebB6GiV+Q8v0GO.2","action":"GetUpdates Response", "result":"Success", "context":Received 0 update(s). cV=k3IDQYl5ebB6GiV+Q8v0GO.0;server=akswtt11600004f;cloudType=Consumer;environment=Prod_eastus2_prod-s01-050-nam-eastus2;migrationStage=NotStarted}
{"logTime": "0812/191815", "correlationVector":"zSj6DKFL86IGQqLg0eDezU","action":"Commit Request", "result":"", "context":Item count: 40
Contributing types: Passwords}
{"logTime": "0812/191817", "correlationVector":"zSj6DKFL86IGQqLg0eDezU.1","action":"SyncServerConnectionManagerRequest", "result":"SYNC_SERVER_OK", "context":{"environment":"Prod_eastus_prod-s01-056-nam-eastus", "migrationStage":"NotStarted", "server":"akswtt11600000n"}}
{"logTime": "0812/191817", "correlationVector":"zSj6DKFL86IGQqLg0eDezU.2","action":"Commit Response", "result":"Success", "context":Result: Success. cV=zSj6DKFL86IGQqLg0eDezU.0;server=akswtt11600000n;cloudType=Consumer;environment=Prod_eastus_prod-s01-056-nam-eastus;migrationStage=NotStarted}
{"logTime": "0812/191817", "correlationVector":"4Y87rq/rve0I9GSzHkVTsJ","action":"Commit Request", "result":"", "context":Item count: 40
Contributing types: Passwords}
{"logTime": "0812/191820", "correlationVector":"4Y87rq/rve0I9GSzHkVTsJ.1","action":"SyncServerConnectionManagerRequest", "result":"SYNC_SERVER_OK", "context":{"environment":"Prod_eastus_prod-s01-056-nam-eastus", "migrationStage":"NotStarted", "server":"akswtt11600000g"}}
{"logTime": "0812/191820", "correlationVector":"4Y87rq/rve0I9GSzHkVTsJ.2","action":"Commit Response", "result":"Success", "context":Result: Success. cV=4Y87rq/rve0I9GSzHkVTsJ.0;server=akswtt11600000g;cloudType=Consumer;environment=Prod_eastus_prod-s01-056-nam-eastus;migrationStage=NotStarted}
{"logTime": "0812/191820", "correlationVector":"5lx/dkUcJpVKtRC/AhgFBG","action":"Commit Request", "result":"", "context":Item count: 40
Contributing types: Passwords}
{"logTime": "0812/191822", "correlationVector":"5lx/dkUcJpVKtRC/AhgFBG.1","action":"SyncServerConnectionManagerRequest", "result":"SYNC_SERVER_OK", "context":{"environment":"Prod_eastus2_prod-s01-050-nam-eastus2", "migrationStage":"NotStarted", "server":"akswtt116000014"}}
{"logTime": "0812/191822", "correlationVector":"5lx/dkUcJpVKtRC/AhgFBG.2","action":"Commit Response", "result":"Success", "context":Result: Success. cV=5lx/dkUcJpVKtRC/AhgFBG.0;server=akswtt116000014;cloudType=Consumer;environment=Prod_eastus2_prod-s01-050-nam-eastus2;migrationStage=NotStarted}
{"logTime": "0812/191822", "correlationVector":"WmZMtTdVh8ni2xxfF5Ma1n","action":"Commit Request", "result":"", "context":Item count: 40
Contributing types: Passwords}
{"logTime": "0812/191825", "correlationVector":"WmZMtTdVh8ni2xxfF5Ma1n.1","action":"SyncServerConnectionManagerRequest", "result":"SYNC_SERVER_OK", "context":{"environment":"Prod_eastus2_prod-s01-050-nam-eastus2", "migrationStage":"NotStarted", "server":"akswtt11600000u"}}
{"logTime": "0812/191825", "correlationVector":"WmZMtTdVh8ni2xxfF5Ma1n.2","action":"Commit Response", "result":"Success", "context":Result: Success. cV=WmZMtTdVh8ni2xxfF5Ma1n.0;server=akswtt11600000u;cloudType=Consumer;environment=Prod_eastus2_prod-s01-050-nam-eastus2;migrationStage=NotStarted}
{"logTime": "0812/191825", "correlationVector":"qTJ3ifm4P5vjAOJ6UgEEl5","action":"Commit Request", "result":"", "context":Item count: 40
Contributing types: Passwords}
{"logTime": "0812/191827", "correlationVector":"qTJ3ifm4P5vjAOJ6UgEEl5.1","action":"SyncServerConnectionManagerRequest", "result":"SYNC_SERVER_OK", "context":{"environment":"Prod_eastus2_prod-s01-050-nam-eastus2", "migrationStage":"NotStarted", "server":"akswtt116000047"}}
{"logTime": "0812/191827", "correlationVector":"qTJ3ifm4P5vjAOJ6UgEEl5.2","action":"Commit Response", "result":"Success", "context":Result: Success. cV=qTJ3ifm4P5vjAOJ6UgEEl5.0;server=akswtt116000047;cloudType=Consumer;environment=Prod_eastus2_prod-s01-050-nam-eastus2;migrationStage=NotStarted}
{"logTime": "0812/191827", "correlationVector":"uLUu21BfwKNO5bjYmtOh/m","action":"Commit Request", "result":"", "context":Item count: 40
Contributing types: Passwords}
{"logTime": "0812/191830", "correlationVector":"uLUu21BfwKNO5bjYmtOh/m.1","action":"SyncServerConnectionManagerRequest", "result":"SYNC_SERVER_OK", "context":{"environment":"Prod_eastus2_prod-s01-050-nam-eastus2", "migrationStage":"NotStarted", "server":"akswtt11600001h"}}
{"logTime": "0812/191830", "correlationVector":"uLUu21BfwKNO5bjYmtOh/m.2","action":"Commit Response", "result":"Success", "context":Result: Success. cV=uLUu21BfwKNO5bjYmtOh/m.0;server=akswtt11600001h;cloudType=Consumer;environment=Prod_eastus2_prod-s01-050-nam-eastus2;migrationStage=NotStarted}
{"logTime": "0812/191830", "correlationVector":"a9u7omI+Qkz8EUSDFddYlS","action":"Commit Request", "result":"", "context":Item count: 40
Contributing types: Passwords}
{"logTime": "0812/191832", "correlationVector":"a9u7omI+Qkz8EUSDFddYlS.1","action":"SyncServerConnectionManagerRequest", "result":"SYNC_SERVER_OK", "context":{"environment":"Prod_eastus2_prod-s01-050-nam-eastus2", "migrationStage":"NotStarted", "server":"akswtt11600001l"}}
{"logTime": "0812/191832", "correlationVector":"a9u7omI+Qkz8EUSDFddYlS.2","action":"Commit Response", "result":"Success", "context":Result: Success. cV=a9u7omI+Qkz8EUSDFddYlS.0;server=akswtt11600001l;cloudType=Consumer;environment=Prod_eastus2_prod-s01-050-nam-eastus2;migrationStage=NotStarted}
{"logTime": "0812/191832", "correlationVector":"OfbXaeA3oyOEHNYpqoV60h","action":"Commit Request", "result":"", "context":Item count: 40
Contributing types: Passwords}
{"logTime": "0812/191835", "correlationVector":"OfbXaeA3oyOEHNYpqoV60h.1","action":"SyncServerConnectionManagerRequest", "result":"SYNC_SERVER_OK", "context":{"environment":"Prod_eastus2_prod-s01-050-nam-eastus2", "migrationStage":"NotStarted", "server":"akswtt11600001w"}}
{"logTime": "0812/191835", "correlationVector":"OfbXaeA3oyOEHNYpqoV60h.2","action":"Commit Response", "result":"Success", "context":Result: Success. cV=OfbXaeA3oyOEHNYpqoV60h.0;server=akswtt11600001w;cloudType=Consumer;environment=Prod_eastus2_prod-s01-050-nam-eastus2;migrationStage=NotStarted}
{"logTime": "0812/191835", "correlationVector":"SRUrVmSS4XRI4Lwr6gceXF","action":"Commit Request", "result":"", "context":Item count: 14
Contributing types: Passwords, Sessions, Device Info, User Consents, History}
{"logTime": "0812/191836", "correlationVector":"SRUrVmSS4XRI4Lwr6gceXF.1","action":"SyncServerConnectionManagerRequest", "result":"SYNC_SERVER_OK", "context":{"environment":"Prod_eastus2_prod-s01-050-nam-eastus2", "migrationStage":"NotStarted", "server":"akswtt11600000m"}}
{"logTime": "0812/191836", "correlationVector":"SRUrVmSS4XRI4Lwr6gceXF.2","action":"Commit Response", "result":"Success", "context":Result: Success. cV=SRUrVmSS4XRI4Lwr6gceXF.0;server=akswtt11600000m;cloudType=Consumer;environment=Prod_eastus2_prod-s01-050-nam-eastus2;migrationStage=NotStarted}
{"logTime": "0812/191943", "correlationVector":"fnXqK6B+wV324RZJ0TjwrI","action":"Commit Request", "result":"", "context":Item count: 7
Contributing types: Sessions, History}
{"logTime": "0812/191944", "correlationVector":"fnXqK6B+wV324RZJ0TjwrI.1","action":"SyncServerConnectionManagerRequest", "result":"SYNC_SERVER_OK", "context":{"environment":"Prod_eastus2_prod-s01-050-nam-eastus2", "migrationStage":"NotStarted", "server":"akswtt11600002b"}}
{"logTime": "0812/191944", "correlationVector":"fnXqK6B+wV324RZJ0TjwrI.2","action":"Commit Response", "result":"Success", "context":Result: Success. cV=fnXqK6B+wV324RZJ0TjwrI.0;server=akswtt11600002b;cloudType=Consumer;environment=Prod_eastus2_prod-s01-050-nam-eastus2;migrationStage=NotStarted}
